[1] english-extension-1-y12-trial-abbotsleigh-2012
  english-extension-1-y12-trial-abbotsleigh-2012: 6 questions, 6 parts, 4 soln pages [ocr, 0 tokens]
english-extension-1-y12-trial-abbotsleigh-2012: baked 6 parts (0 with answers) -> papers/_work/english-extension-1-y12-trial-abbotsleigh-2012/baked
  subject folder: english-extension-1/   (92 KB questions)
  english-extension-1/q_6fc2f43343d2.pdf  Q5      25m      None
  english-extension-1/q_a879d6c98ffa.pdf  Q6      25m      None
  english-extension-1/q_7ff3b85325e1.pdf  Q7      25m      None
  english-extension-1/q_1018cdb19d7c.pdf  Q8      25m      None
  english-extension-1/q_f7c709052f61.pdf  Q9      25m      None
  english-extension-1/q_2ba6d4e09282.pdf  Q10     25m      None
[2] english-extension-1-y12-trial-abbotsleigh-2022
  english-extension-1-y12-trial-abbotsleigh-2022: 7 questions, 8 parts, 0 soln pages [ocr, 0 tokens]
english-extension-1-y12-trial-abbotsleigh-2022: baked 8 parts (0 with answers) -> papers/_work/english-extension-1-y12-trial-abbotsleigh-2022/baked
  subject folder: english-extension-1/   (782 KB questions)
  english-extension-1/q_fcfe1f258048.pdf  Q1a     Nonem      None
  english-extension-1/q_edb5c9efe567.pdf  Q1b     Nonem      None
  english-extension-1/q_9317721c496d.pdf  Q1      Nonem      None
  english-extension-1/q_144e49e996e2.pdf  Q2      25m      None
  english-extension-1/q_5db8ae57170a.pdf  Q2      25m      None
  english-extension-1/q_0721205af0b7.pdf  Q2      25m      None
  english-extension-1/q_5c5f6a9f3d4c.pdf  Q2      25m      None
  english-extension-1/q_c51dc02ebf91.pdf  Q2      25m      None
[3] english-extension-1-y12-trial-abbotsleigh-2025
  english-extension-1-y12-trial-abbotsleigh-2025: 4 questions, 5 parts, 0 soln pages [ocr, 0 tokens]
english-extension-1-y12-trial-abbotsleigh-2025: baked 5 parts (0 with answers) -> papers/_work/english-extension-1-y12-trial-abbotsleigh-2025/baked
  subject folder: english-extension-1/   (636 KB questions)
  english-extension-1/q_6694803cb143.pdf  Q1a     Nonem      None
  english-extension-1/q_9c2b291a9ae1.pdf  Q1b     Nonem      None
  english-extension-1/q_da3513d34325.pdf  Q1      Nonem      None
  english-extension-1/q_28fdca12e224.pdf  Q2      25m      None
  english-extension-1/q_354549a8e3d3.pdf  Q2      25m      None
[4] english-extension-1-y12-trial-ascham-2012
  english-extension-1-y12-trial-ascham-2012: 16 questions, 16 parts, 0 soln pages [ocr, 0 tokens]
english-extension-1-y12-trial-ascham-2012: baked 16 parts (0 with answers) -> papers/_work/english-extension-1-y12-trial-ascham-2012/baked
  subject folder: english-extension-1/   (393 KB questions)
  english-extension-1/q_4a292df5cc98.pdf  Q1      25m      None
  english-extension-1/q_d3d27745a308.pdf  Q2      25m      None
  english-extension-1/q_510a5fd14530.pdf  Q3      25m      None
  english-extension-1/q_bcf5e33abfff.pdf  Q4      25m      None
  english-extension-1/q_14584c0fd02d.pdf  Q5      25m      None
  english-extension-1/q_454d8942e99b.pdf  Q6      25m      None
  english-extension-1/q_73b55535fcee.pdf  Q7      25m      None
  english-extension-1/q_69ab07a72ecb.pdf  Q8      25m      None
  english-extension-1/q_2358302f0d4d.pdf  Q9      25m      None
  english-extension-1/q_b0377f892717.pdf  Q10     25m      None
  english-extension-1/q_c67e4ead5d15.pdf  Q11     25m      None
  english-extension-1/q_87ad3960398b.pdf  Q12     25m      None
  english-extension-1/q_cc9c13978e9e.pdf  Q13     25m      None
  english-extension-1/q_43f6581ca7c3.pdf  Q14     25m      None
  english-extension-1/q_8202466b5d33.pdf  Q15     25m      None
  english-extension-1/q_bcbeef0440ac.pdf  Q16     25m      None
[5] english-extension-1-y12-trial-barker-2012
  english-extension-1-y12-trial-barker-2012: 0 questions, 0 parts, 8 soln pages [ocr, 0 tokens]
english-extension-1-y12-trial-barker-2012: baked 0 parts (0 with answers) -> papers/_work/english-extension-1-y12-trial-barker-2012/baked
  subject folder: english-extension-1/   (0 KB questions)
[6] english-y12-trial-p1-abbotsleigh-2019-p1
  english-y12-trial-p1-abbotsleigh-2019-p1: 3 questions, 3 parts, 3 soln pages [ocr, 0 tokens]
english-y12-trial-p1-abbotsleigh-2019-p1: baked 3 parts (0 with answers) -> papers/_work/english-y12-trial-p1-abbotsleigh-2019-p1/baked
  subject folder: english/   (207 KB questions)
  english/q_0725fd838e12.pdf  Q1      Nonem      None
  english/q_d039f412a659.pdf  Q1      Nonem      None
  english/q_0046a73b6eaf.pdf  Q5      20m      None
[7] english-y12-trial-p1-abbotsleigh-2020-p1
  english-y12-trial-p1-abbotsleigh-2020-p1: 18 questions, 20 parts, 0 soln pages [ocr, 0 tokens]
english-y12-trial-p1-abbotsleigh-2020-p1: baked 20 parts (0 with answers) -> papers/_work/english-y12-trial-p1-abbotsleigh-2020-p1/baked
  subject folder: english/   (3695 KB questions)
  english/q_ef92c2ea3b67.pdf  Q1      3m      None
  english/q_6a12c8bb8497.pdf  Q2      4m      None
  english/q_ae23067f0fe6.pdf  Q3      4m      None
  english/q_959227f86ef3.pdf  Q3      Nonem      None
  english/q_0109ff176409.pdf  Q3      Nonem      None
  english/q_934e6e720a56.pdf  Q4      3m      None
  english/q_577e5f5b3c5b.pdf  Q5      6m      None
  english/q_a1053d4283bd.pdf  Q5      Nonem      None
  english/q_4cbaa6048589.pdf  Q5      Nonem      None
  english/q_e53674f94607.pdf  Q6b     Nonem      None
  english/q_520b41442e7a.pdf  Q6c     Nonem      None
  english/q_017bfd1de8bf.pdf  Q6      Nonem      None
  english/q_256f2262cd26.pdf  Q6      Nonem      None
  english/q_a5bdb3bad077.pdf  Q6      Nonem      None
  english/q_c81e2c234263.pdf  Q6      Nonem      None
  english/q_7f8ad1fafa95.pdf  Q6      Nonem      None
  english/q_e77afbea43ff.pdf  Q6      Nonem      None
  english/q_3a97cff7f4fb.pdf  Q6      Nonem      None
  english/q_cc7c6e9816a4.pdf  Q6m     Nonem      None
  english/q_7518859c70c3.pdf  Q6n     Nonem      None
[8] english-y12-trial-p1-abbotsleigh-2021-p1
  english-y12-trial-p1-abbotsleigh-2021-p1: 7 questions, 7 parts, 1 soln pages [ocr, 0 tokens]
english-y12-trial-p1-abbotsleigh-2021-p1: baked 7 parts (0 with answers) -> papers/_work/english-y12-trial-p1-abbotsleigh-2021-p1/baked
  subject folder: english/   (978 KB questions)
  english/q_924e220f43c6.pdf  Q2      4m      None
  english/q_53c7fe4ed9ef.pdf  Q3      3m      None
  english/q_7c7cc0124feb.pdf  Q4      4m      None
  english/q_8a4c9c61e9d1.pdf  Q5      6m      None
  english/q_31533c2a8161.pdf  Q5      Nonem      None
  english/q_24b442d7b566.pdf  Q6      20m      None
  english/q_1bc1266d5835.pdf  Q6      Nonem      None
[9] english-y12-trial-p1-abbotsleigh-2022-p1
  english-y12-trial-p1-abbotsleigh-2022-p1: 8 questions, 8 parts, 0 soln pages [ocr, 0 tokens]
english-y12-trial-p1-abbotsleigh-2022-p1: baked 8 parts (0 with answers) -> papers/_work/english-y12-trial-p1-abbotsleigh-2022-p1/baked
  subject folder: english/   (991 KB questions)
  english/q_808661eb867b.pdf  Q1      4m      None
  english/q_e0ba721b5328.pdf  Q2      4m      None
  english/q_9eaa7864f62a.pdf  Q3      3m      None
  english/q_2d446402d3e4.pdf  Q4      3m      None
  english/q_10a33c124272.pdf  Q5      6m      None
  english/q_38a2d6db57e3.pdf  Q5      Nonem      None
  english/q_ec10fb5344a4.pdf  Q6      20m      None
  english/q_5802d08acf37.pdf  Q6      Nonem      None
[10] english-y12-trial-p1-abbotsleigh-2023-p1
  english-y12-trial-p1-abbotsleigh-2023-p1: 7 questions, 7 parts, 1 soln pages [ocr, 0 tokens]
english-y12-trial-p1-abbotsleigh-2023-p1: baked 7 parts (0 with answers) -> papers/_work/english-y12-trial-p1-abbotsleigh-2023-p1/baked
  subject folder: english/   (966 KB questions)
  english/q_4b93dbd0200a.pdf  Q2      4m      None
  english/q_c79873009f26.pdf  Q3      3m      None
  english/q_abcd76dc4ce3.pdf  Q4      4m      None
  english/q_76d511167021.pdf  Q5      6m      None
  english/q_a59aeb4189c5.pdf  Q5      Nonem      None
  english/q_4d26432567a5.pdf  Q6      20m      None
  english/q_2df14a70101b.pdf  Q6      Nonem      None
[11] english-y12-trial-p1-abbotsleigh-2024-p1
  english-y12-trial-p1-abbotsleigh-2024-p1: 7 questions, 7 parts, 1 soln pages [ocr, 0 tokens]
english-y12-trial-p1-abbotsleigh-2024-p1: baked 7 parts (0 with answers) -> papers/_work/english-y12-trial-p1-abbotsleigh-2024-p1/baked
  subject folder: english/   (963 KB questions)
  english/q_d2eb8a01460b.pdf  Q2      4m      None
  english/q_029ce3c41219.pdf  Q3      4m      None
  english/q_ce4ec2a34e57.pdf  Q4      3m      None
  english/q_972f04b5b26a.pdf  Q5      6m      None
  english/q_506518290277.pdf  Q5      Nonem      None
  english/q_cec02241a152.pdf  Q6      20m      None
  english/q_b78792d131a0.pdf  Q6      Nonem      None
[12] english-y12-trial-p1-abbotsleigh-2025-p1
  english-y12-trial-p1-abbotsleigh-2025-p1: 8 questions, 8 parts, 0 soln pages [ocr, 0 tokens]
english-y12-trial-p1-abbotsleigh-2025-p1: baked 8 parts (0 with answers) -> papers/_work/english-y12-trial-p1-abbotsleigh-2025-p1/baked
  subject folder: english/   (1094 KB questions)
  english/q_1a6fe217d1f9.pdf  Q1      3m      None
  english/q_c4351e91c485.pdf  Q2      3m      None
  english/q_2b4c1665004d.pdf  Q3      4m      None
  english/q_3392dd7f5318.pdf  Q4      4m      None
  english/q_ea8d050b20ca.pdf  Q5      6m      None
  english/q_a20bfd686c77.pdf  Q5      Nonem      None
  english/q_c9556f78d68b.pdf  Q6      20m      None
  english/q_dababad63a03.pdf  Q6      Nonem      None
[13] english-y12-trial-p1-ascham-2019-p1
  english-y12-trial-p1-ascham-2019-p1: 6 questions, 16 parts, 0 soln pages [ocr, 0 tokens]
english-y12-trial-p1-ascham-2019-p1: baked 16 parts (0 with answers) -> papers/_work/english-y12-trial-p1-ascham-2019-p1/baked
  subject folder: english/   (172 KB questions)
  english/q_2ad261177e44.pdf  QNonea  Nonem      None
  english/q_dee1ca02357d.pdf  QNoneb  Nonem      None
  english/q_a9cb92634797.pdf  QNonec  Nonem      None
  english/q_c408bd040125.pdf  QNoned  Nonem      None
  english/q_e3685cc258a5.pdf  Q2a     Nonem      None
  english/q_6bb0292e3c91.pdf  Q2b     Nonem      None
  english/q_3535a059b0c0.pdf  Q2c     Nonem      None
  english/q_5c871dce77f7.pdf  Q2d     Nonem      None
  english/q_c6188a8f0e09.pdf  Q2a     Nonem      None
  english/q_997660e766ad.pdf  Q2b     Nonem      None
  english/q_d15f54f84639.pdf  Q2a     Nonem      None
  english/q_5ebcf21cb37b.pdf  Q2b     Nonem      None
  english/q_0f36b210d9a4.pdf  Q2a     Nonem      None
  english/q_0f178b261444.pdf  Q2b     Nonem      None
  english/q_198036a3962e.pdf  Q2a     Nonem      None
  english/q_ed94b0549d69.pdf  Q2b     Nonem      None
[14] english-y12-trial-p1-ascham-2022-p1
  english-y12-trial-p1-ascham-2022-p1: 10 questions, 10 parts, 4 soln pages [ocr, 0 tokens]
english-y12-trial-p1-ascham-2022-p1: baked 10 parts (0 with answers) -> papers/_work/english-y12-trial-p1-ascham-2022-p1/baked
  subject folder: english/   (996 KB questions)
  english/q_c0673f1e4e75.pdf  Q1      3m      None
  english/q_96a04b7565fe.pdf  Q3      4m      None
  english/q_8c12bc81aaf8.pdf  Q5      6m      None
  english/q_cabeec96bef2.pdf  Q5      Nonem      None
  english/q_b5d1623857b2.pdf  Q6      20m      None
  english/q_52108547d4e4.pdf  Q1      3m      None
  english/q_69ffd4ace004.pdf  Q2      3m      None
  english/q_b9e0051cb7fa.pdf  Q3      4m      None
  english/q_c98b38a3b5a5.pdf  Q4      4m      None
  english/q_b017961a36e2.pdf  Q5      6m      None
[15] english-y12-trial-p1-ascham-2023-p1
  english-y12-trial-p1-ascham-2023-p1: 17 questions, 17 parts, 4 soln pages [ocr, 0 tokens]
english-y12-trial-p1-ascham-2023-p1: baked 17 parts (0 with answers) -> papers/_work/english-y12-trial-p1-ascham-2023-p1/baked
  subject folder: english/   (1907 KB questions)
  english/q_e71c21b12637.pdf  Q1      3m      None
  english/q_d7a83662c918.pdf  Q5      6m      None
  english/q_06c1d24673db.pdf  Q5      Nonem      None
  english/q_dbfc11758638.pdf  Q6      20m      None
  english/q_8fcbdcb0221b.pdf  Q6      20m      None
  english/q_db69da12e084.pdf  Q6      20m      None
  english/q_ed928e232193.pdf  Q6      20m      None
  english/q_f971e3396d59.pdf  Q6      20m      None
  english/q_bcee5b6019f7.pdf  Q6      20m      None
  english/q_540a8f04a11e.pdf  Q6      Nonem      None
  english/q_5922d87e1309.pdf  Q6      20m      None
  english/q_ecede970f149.pdf  Q6      Nonem      None
  english/q_31d8b38ec2d7.pdf  Q6      20m      None
  english/q_a79363600690.pdf  Q6      Nonem      None
  english/q_7f862e94b7d3.pdf  Q6      20m      None
  english/q_65ef3bc608ac.pdf  Q6      Nonem      None
  english/q_cb0a14bc7853.pdf  Q6      20m      None
[16] english-y12-trial-p1-barker-2019-p1
  english-y12-trial-p1-barker-2019-p1: 2 questions, 5 parts, 0 soln pages [ocr, 0 tokens]
english-y12-trial-p1-barker-2019-p1: baked 5 parts (0 with answers) -> papers/_work/english-y12-trial-p1-barker-2019-p1/baked
  subject folder: english/   (1727 KB questions)
  english/q_50bc3912e998.pdf  Q1a     Nonem      None
  english/q_8589e6df2c6b.pdf  Q1b     Nonem      None
  english/q_567ac1fe7406.pdf  Q1c     Nonem      None
  english/q_226c02eff25a.pdf  Q1d     Nonem      None
  english/q_742cea992216.pdf  Q2      20m      None
[17] english-y12-trial-p2-adv-abbotsleigh-2010-p2-adv
  english-y12-trial-p2-adv-abbotsleigh-2010-p2-adv: 14 questions, 14 parts, 3 soln pages [ocr, 0 tokens]
english-y12-trial-p2-adv-abbotsleigh-2010-p2-adv: baked 14 parts (0 with answers) -> papers/_work/english-y12-trial-p2-adv-abbotsleigh-2010-p2-adv/baked
  subject folder: english/   (1420 KB questions)
  english/q_dde76bf7dea6.pdf  Q1      15m      None
  english/q_c461a1a84e58.pdf  Q1      Nonem      None
  english/q_8c94d4446d6b.pdf  Q1b     Nonem      None
  english/q_444ea2082af2.pdf  Q1      Nonem      None
  english/q_1a05122298b7.pdf  Q2b     Nonem      None
  english/q_89c717911616.pdf  Q3      15m      None
  english/q_fa9da362fd77.pdf  Q3      15m      None
  english/q_1ddadefca03e.pdf  Q4      15m      None
  english/q_a5a8409bca22.pdf  Q7      15m      None
  english/q_18b92a778709.pdf  Q7      Nonem      None
  english/q_5cced79f24a6.pdf  Q8      15m      None
  english/q_c77add3cc4a4.pdf  Q9      15m      None
  english/q_659801f52441.pdf  Q10     15m      None
  english/q_b31735aa4730.pdf  Q11     15m      None
[18] english-y12-trial-p2-adv-abbotsleigh-2012-p2-adv
  english-y12-trial-p2-adv-abbotsleigh-2012-p2-adv: 13 questions, 13 parts, 3 soln pages [ocr, 0 tokens]
english-y12-trial-p2-adv-abbotsleigh-2012-p2-adv: baked 13 parts (0 with answers) -> papers/_work/english-y12-trial-p2-adv-abbotsleigh-2012-p2-adv/baked
  subject folder: english/   (225 KB questions)
  english/q_a588c8d2a96d.pdf  Q1      20m      None
  english/q_ee6c13071573.pdf  Q1      Nonem      None
  english/q_5d7cec971982.pdf  Q1b     Nonem      None
  english/q_6192e016381d.pdf  Q1      Nonem      None
  english/q_bbe6bae05a3e.pdf  Q2      20m      None
  english/q_2697ecb23a00.pdf  Q3      20m      None
  english/q_84060b0c50ef.pdf  Q4      20m      None
  english/q_acb2ccad84fa.pdf  Q7      20m      None
  english/q_1eb19c3b7195.pdf  Q7      Nonem      None
  english/q_0359a4d4a786.pdf  Q8      20m      None
  english/q_8eea193792e4.pdf  Q9      20m      None
  english/q_d72ecca8fbf7.pdf  Q10     20m      None
  english/q_8ad1a2c792f0.pdf  Q11     20m      None
[19] english-y12-trial-p2-adv-abbotsleigh-2019-p2-adv
  english-y12-trial-p2-adv-abbotsleigh-2019-p2-adv: 4 questions, 4 parts, 0 soln pages [ocr, 0 tokens]
english-y12-trial-p2-adv-abbotsleigh-2019-p2-adv: baked 4 parts (0 with answers) -> papers/_work/english-y12-trial-p2-adv-abbotsleigh-2019-p2-adv/baked
  subject folder: english/   (792 KB questions)
  english/q_5b9625b13b19.pdf  Q1      20m      None
  english/q_47decf46a686.pdf  Q2      20m      None
  english/q_062dbd5f704d.pdf  Q3      Nonem      None
  english/q_2cdb2a55e728.pdf  Q3      Nonem      None
[20] english-y12-trial-p2-adv-abbotsleigh-2021-p2-adv
  english-y12-trial-p2-adv-abbotsleigh-2021-p2-adv: 6 questions, 7 parts, 0 soln pages [ocr, 0 tokens]
english-y12-trial-p2-adv-abbotsleigh-2021-p2-adv: baked 7 parts (0 with answers) -> papers/_work/english-y12-trial-p2-adv-abbotsleigh-2021-p2-adv/baked
  subject folder: english/   (1414 KB questions)
  english/q_25a14d948878.pdf  Q1      20m      None
  english/q_90231e7cfbbf.pdf  Q1      Nonem      None
  english/q_1b527fbec654.pdf  Q2      20m      None
  english/q_b48c5d622713.pdf  Q2      Nonem      None
  english/q_5ab7f7105a0b.pdf  Q3a     Nonem      None
  english/q_874ae94ea7fb.pdf  Q3b     Nonem      None
  english/q_eadf1e2cc7f4.pdf  Q3      Nonem      None
[21] english-y12-trial-p2-std-ascham-2021-p2-std
  english-y12-trial-p2-std-ascham-2021-p2-std: 1 questions, 6 parts, 0 soln pages [ocr, 0 tokens]
english-y12-trial-p2-std-ascham-2021-p2-std: baked 6 parts (0 with answers) -> papers/_work/english-y12-trial-p2-std-ascham-2021-p2-std/baked
  subject folder: english/   (1169 KB questions)
  english/q_3faffc424975.pdf  Q1a     Nonem      None
  english/q_4934a65c464e.pdf  Q1b     Nonem      None
  english/q_4f5f971cd538.pdf  Q1a     Nonem      None
  english/q_5be74daca3df.pdf  Q1b     Nonem      None
  english/q_d1447584a09d.pdf  Q1a     Nonem      None
  english/q_19148876b1b9.pdf  Q1b     Nonem      None
[22] english-y12-trial-p2-std-asquith-girls-2001-p2-std
  english-y12-trial-p2-std-asquith-girls-2001-p2-std: 7 questions, 7 parts, 0 soln pages [ocr, 0 tokens]
english-y12-trial-p2-std-asquith-girls-2001-p2-std: baked 7 parts (0 with answers) -> papers/_work/english-y12-trial-p2-std-asquith-girls-2001-p2-std/baked
  subject folder: english/   (684 KB questions)
  english/q_2b9245286d0f.pdf  Q2      Nonem      None
  english/q_2c55ba835343.pdf  Q3      Nonem      None
  english/q_2d3984e07543.pdf  Q4      Nonem      None
  english/q_233e5165b889.pdf  Q5      Nonem      None
  english/q_53660ed5a8c0.pdf  Q7      Nonem      None
  english/q_71c05a9579cf.pdf  Q8      Nonem      None
  english/q_43860c4654c9.pdf  Q9      Nonem      None
[23] english-y12-trial-p2-std-barker-2022-p2-std
  english-y12-trial-p2-std-barker-2022-p2-std: 12 questions, 13 parts, 0 soln pages [ocr, 0 tokens]
english-y12-trial-p2-std-barker-2022-p2-std: baked 13 parts (0 with answers) -> papers/_work/english-y12-trial-p2-std-barker-2022-p2-std/baked
  subject folder: english/   (2124 KB questions)
  english/q_912ee5e632f4.pdf  Q1      20m      None
  english/q_f00cce8e9e22.pdf  Q1      Nonem      None
  english/q_a299fcf0fca0.pdf  Q2      20m      None
  english/q_1aa444b064d7.pdf  Q2      Nonem      None
  english/q_f4918885e101.pdf  Q2      20m      None
  english/q_9c2ab40421e6.pdf  Q2      20m      None
  english/q_53106a410f8c.pdf  Q2      20m      None
  english/q_2448f3848ceb.pdf  Q2      20m      None
  english/q_f05c65fc091c.pdf  Q2      20m      None
  english/q_fd98997072ca.pdf  Q2      20m      None
  english/q_fcc5cc81631f.pdf  Q2      Nonem      None
  english/q_39db1535fc9d.pdf  Q3a     Nonem      None
  english/q_1ddf21da16cb.pdf  Q3b     Nonem      None
[24] english-y12-trial-p2-std-cheltenham-girls-2022-p2-std
  english-y12-trial-p2-std-cheltenham-girls-2022-p2-std: 13 questions, 14 parts, 0 soln pages [ocr, 0 tokens]
english-y12-trial-p2-std-cheltenham-girls-2022-p2-std: baked 14 parts (0 with answers) -> papers/_work/english-y12-trial-p2-std-cheltenham-girls-2022-p2-std/baked
  subject folder: english/   (1754 KB questions)
  english/q_d062a4b0fe8e.pdf  Q1      20m      None
  english/q_1fe2871e82a4.pdf  Q1      Nonem      None
  english/q_e17f846f2e33.pdf  Q1      Nonem      None
  english/q_ff80febaa827.pdf  Q2      20m      None
  english/q_86c9c72ff03d.pdf  Q2      Nonem      None
  english/q_f473ad52fa66.pdf  Q2      20m      None
  english/q_05fd24efd736.pdf  Q2      20m      None
  english/q_888c6251a735.pdf  Q2      20m      None
  english/q_6501bb5bfd46.pdf  Q2      Nonem      None
  english/q_1f2380865c2f.pdf  Q2      20m      None
  english/q_a5f33e7d4f7d.pdf  Q2      20m      None
  english/q_67b576ef286b.pdf  Q2      Nonem      None
  english/q_8c2e76009056.pdf  Q3a     Nonem      None
  english/q_9634d00bc986.pdf  Q3b     Nonem      None
[25] english-y12-trial-p2-std-cranbrook-2020-p2-std
  english-y12-trial-p2-std-cranbrook-2020-p2-std: 3 questions, 4 parts, 0 soln pages [ocr, 0 tokens]
english-y12-trial-p2-std-cranbrook-2020-p2-std: baked 4 parts (0 with answers) -> papers/_work/english-y12-trial-p2-std-cranbrook-2020-p2-std/baked
  subject folder: english/   (770 KB questions)
  english/q_956503f1543a.pdf  Q1      20m      None
  english/q_10c1640f328e.pdf  Q2      20m      None
  english/q_8528fddf766e.pdf  Q3a     Nonem      None
  english/q_6377b5a1e385.pdf  Q3b     Nonem      None
[26] english-y12-trial-p2-std-hurlstone-2011-p2-std
  english-y12-trial-p2-std-hurlstone-2011-p2-std: 3 questions, 3 parts, 0 soln pages [ocr, 0 tokens]
english-y12-trial-p2-std-hurlstone-2011-p2-std: baked 3 parts (0 with answers) -> papers/_work/english-y12-trial-p2-std-hurlstone-2011-p2-std/baked
  subject folder: english/   (330 KB questions)
  english/q_b8344a150e1f.pdf  Q1      20m      None
  english/q_e5f4a66a53d1.pdf  Q2      20m      None
  english/q_30f4b065f7f5.pdf  Q3      20m      None
[27] english-y12-trial-p2-std-killara-2019-p2-std
  english-y12-trial-p2-std-killara-2019-p2-std: 3 questions, 3 parts, 0 soln pages [ocr, 0 tokens]
english-y12-trial-p2-std-killara-2019-p2-std: baked 3 parts (0 with answers) -> papers/_work/english-y12-trial-p2-std-killara-2019-p2-std/baked
  subject folder: english/   (451 KB questions)
  english/q_036aed370b74.pdf  Q1      20m      None
  english/q_ef4f631edf9a.pdf  Q2      20m      None
  english/q_8780a11a128f.pdf  Q3      20m      None
[28] english-y12-trial-p2-std-killara-2020-p2-std
  english-y12-trial-p2-std-killara-2020-p2-std: 3 questions, 3 parts, 0 soln pages [ocr, 0 tokens]
english-y12-trial-p2-std-killara-2020-p2-std: baked 3 parts (0 with answers) -> papers/_work/english-y12-trial-p2-std-killara-2020-p2-std/baked
  subject folder: english/   (375 KB questions)
  english/q_c8157df2d6f9.pdf  Q1      20m      None
  english/q_141ed2d0be67.pdf  Q2      20m      None
  english/q_99078a9215ac.pdf  Q3      20m      None
[29] english-y12-trial-p2-std-killara-2021-p2-std
  english-y12-trial-p2-std-killara-2021-p2-std: 3 questions, 3 parts, 0 soln pages [ocr, 0 tokens]
english-y12-trial-p2-std-killara-2021-p2-std: baked 3 parts (0 with answers) -> papers/_work/english-y12-trial-p2-std-killara-2021-p2-std/baked
  subject folder: english/   (380 KB questions)
  english/q_324323199d3d.pdf  Q1      20m      None
  english/q_7b40dab51a5f.pdf  Q2      20m      None
  english/q_ea7b6ef814c3.pdf  Q3      20m      None
[30] english-y12-trial-p2-std-knox-2021-p2-std
  english-y12-trial-p2-std-knox-2021-p2-std: 15 questions, 18 parts, 0 soln pages [ocr, 0 tokens]
english-y12-trial-p2-std-knox-2021-p2-std: baked 18 parts (0 with answers) -> papers/_work/english-y12-trial-p2-std-knox-2021-p2-std/baked
  subject folder: english/   (1954 KB questions)
  english/q_44f5f7a4e4d1.pdf  Q1a     Nonem      None
  english/q_9dabeed7bb18.pdf  Q1      Nonem      None
  english/q_4f44d45c272d.pdf  Q1b     Nonem      None
  english/q_fc248f967fce.pdf  Q1      Nonem      None
  english/q_595dcfe09ed8.pdf  Q1d     Nonem      None
  english/q_29491edcc9fc.pdf  Q1      Nonem      None
  english/q_ecae3ff8dc55.pdf  Q1f     Nonem      None
  english/q_1f49263ae5b2.pdf  Q2a     Nonem      None
  english/q_a1e37eae8adb.pdf  Q2b     Nonem      None
  english/q_0162432e2818.pdf  Q2      Nonem      None
  english/q_ea7117fbfb30.pdf  Q2      Nonem      None
  english/q_bb19db650aa1.pdf  Q2      Nonem      None
  english/q_def5c597a2ba.pdf  Q2g     Nonem      None
  english/q_bb5477c371b8.pdf  Q2h     Nonem      None
  english/q_f28871c9e33e.pdf  Q3      Nonem      None
  english/q_31dfa52c9b80.pdf  Q3      Nonem      None
  english/q_66d503382103.pdf  Q3a     Nonem      None
  english/q_44123340e643.pdf  Q3b     Nonem      None
[31] english-y12-trial-p2-std-newington-2021-p2-std
  english-y12-trial-p2-std-newington-2021-p2-std: 6 questions, 9 parts, 2 soln pages [ocr, 0 tokens]
english-y12-trial-p2-std-newington-2021-p2-std: baked 9 parts (0 with answers) -> papers/_work/english-y12-trial-p2-std-newington-2021-p2-std/baked
  subject folder: english/   (854 KB questions)
  english/q_a63e8ccf3b50.pdf  Q2a     Nonem      None
  english/q_88324c8a95fb.pdf  Q2b     Nonem      None
  english/q_31bcb210d7b5.pdf  Q3a     Nonem      None
  english/q_3b6fd351d476.pdf  Q3b     Nonem      None
  english/q_33299062d6a2.pdf  Q4a     Nonem      None
  english/q_90187184b71b.pdf  Q4b     Nonem      None
  english/q_b7cb6d08eef1.pdf  Q5      20m      None
  english/q_faabf3cb5c82.pdf  Q6      20m      None
  english/q_b47359292259.pdf  Q7      Nonem      None
[32] maths standard 2-y12-trial-abbotsleigh 2021
  maths standard 2-y12-trial-abbotsleigh 2021: 34 questions, 55 parts, 3 soln pages [ocr, 0 tokens]
maths standard 2-y12-trial-abbotsleigh 2021: baked 55 parts (0 with answers) -> papers/_work/maths standard 2-y12-trial-abbotsleigh 2021/baked
  subject folder: misc/   (6975 KB questions)
  misc/q_72b5f6e4aa9a.pdf  Q6      1m      None
  misc/q_64bbec4dea46.pdf  Q7      1m      None
  misc/q_ccfe64e22e68.pdf  Q13     1m      None
  misc/q_a413e6663e34.pdf  Q14     1m      None
  misc/q_021e0a37a78d.pdf  Q15     1m      None
  misc/q_f4972b5f808d.pdf  Q16a    Nonem      None
  misc/q_58283a8faeae.pdf  Q16b    Nonem      None
  misc/q_f6a9c979da0c.pdf  Q17a    Nonem      None
  misc/q_7184da2c31b3.pdf  Q17b    Nonem      None
  misc/q_5df3aebe0b54.pdf  Q18a    Nonem      None
  misc/q_f4304b790c2e.pdf  Q18b    Nonem      None
  misc/q_62381a76ca28.pdf  Q19     2m      None
  misc/q_d82497849f5f.pdf  Q20     3m      None
  misc/q_dbca820bd591.pdf  Q21a    Nonem      None
  misc/q_cde2b012c6f8.pdf  Q21b    Nonem      None
  misc/q_2e3ac34054df.pdf  Q22a    Nonem      None
  misc/q_c52c22637078.pdf  Q22b    Nonem      None
  misc/q_da13114ea4da.pdf  Q22c    Nonem      None
  misc/q_6d4721e43d74.pdf  Q22     Nonem      None
  misc/q_0cd9ffb38079.pdf  Q22d    Nonem      None
  misc/q_6c455c2007ad.pdf  Q22e    Nonem      None
  misc/q_99bb8a2ad62f.pdf  Q22f    Nonem      None
  misc/q_dc1834d1833c.pdf  Q23     3m      None
  misc/q_716935411045.pdf  Q24a    Nonem      None
  misc/q_debc820b58fa.pdf  Q24b    Nonem      None
  misc/q_238583d84c6d.pdf  Q24c    Nonem      None
  misc/q_ccaaf78ad19a.pdf  Q25     2m      None
  misc/q_de735fc37816.pdf  Q26     2m      None
  misc/q_9b8cab4b1631.pdf  Q27     2m      None
  misc/q_76835a4ed38a.pdf  Q28     1m      None
  misc/q_f34f121b261d.pdf  Q30a    Nonem      None
  misc/q_3140dfc74145.pdf  Q30b    Nonem      None
  misc/q_9d7e900417f0.pdf  Q31     2m      None
  misc/q_f60e32ae9a8a.pdf  Q32a    Nonem      None
  misc/q_8dfd4b334c98.pdf  Q32b    Nonem      None
  misc/q_35effdf50faf.pdf  Q33     2m      None
  misc/q_6e710ebbadae.pdf  Q34     2m      None
  misc/q_cbd7647ee763.pdf  Q35a    Nonem      None
  misc/q_8322ea24e429.pdf  Q35b    Nonem      None
  misc/q_e22dd1d58662.pdf  Q35c    Nonem      None
  misc/q_ecdce2a6f816.pdf  Q36     3m      None
  misc/q_077b23dc0ce9.pdf  Q37a    Nonem      None
  misc/q_5200b29f1b11.pdf  Q37b    Nonem      None
  misc/q_be1504e38579.pdf  Q38a    Nonem      None
  misc/q_3f60420e94fd.pdf  Q38b    Nonem      None
  misc/q_a1cc174b03f2.pdf  Q38c    Nonem      None
  misc/q_03c3464fe087.pdf  Q39     3m      None
  misc/q_2a403770db61.pdf  Q40     4m      None
  misc/q_53d4447376c6.pdf  Q41a    Nonem      None
  misc/q_c788ea7a7e63.pdf  Q41b    Nonem      None
  misc/q_e9b7b3191acc.pdf  Q41c    Nonem      None
  misc/q_927c5e6c06d5.pdf  Q41d    Nonem      None
  misc/q_ec960ab0c977.pdf  Q42a    Nonem      None
  misc/q_54c59a602478.pdf  Q42c    Nonem      None
  misc/q_3454b3729ac4.pdf  Q43     3m      None
[33] maths standard 2-y12-trial-abbotsleigh 2023 w. sol
  maths standard 2-y12-trial-abbotsleigh 2023 w. sol: 50 questions, 79 parts, 4 soln pages [ocr, 0 tokens]
maths standard 2-y12-trial-abbotsleigh 2023 w. sol: baked 79 parts (0 with answers) -> papers/_work/maths standard 2-y12-trial-abbotsleigh 2023 w. sol/baked
  subject folder: misc/   (8944 KB questions)
  misc/q_ed0bb1033278.pdf  Q9      1m      None
  misc/q_ec65d28b8082.pdf  Q10     1m      None
  misc/q_1a5e1275126a.pdf  Q11     1m      None
  misc/q_4e2e00b7fe21.pdf  Q12     1m      None
  misc/q_573502c78921.pdf  Q13     1m      None
  misc/q_07336a1d7571.pdf  Q16     3m      None
  misc/q_484affbbb148.pdf  Q17a    Nonem      None
  misc/q_43c23f1c79e2.pdf  Q18a    Nonem      None
  misc/q_b7cdeeb0953b.pdf  Q18b    Nonem      None
  misc/q_1b09647e7c5b.pdf  Q19a    Nonem      None
  misc/q_b3494785ca7a.pdf  Q20a    Nonem      None
  misc/q_3444d1d2bdb5.pdf  Q21a    Nonem      None
  misc/q_e7fda54202bb.pdf  Q21b    Nonem      None
  misc/q_538787e54902.pdf  Q22a    Nonem      None
  misc/q_d607e8b37033.pdf  Q23a    Nonem      None
  misc/q_e0b946efc29f.pdf  Q24a    Nonem      None
  misc/q_4bac2e835b2c.pdf  Q25a    Nonem      None
  misc/q_78202c3691dd.pdf  Q25b    Nonem      None
  misc/q_d13d0fa3bbfb.pdf  Q25c    Nonem      None
  misc/q_4bfa9e053508.pdf  Q26     3m      None
  misc/q_f1d45daad215.pdf  Q27     3m      None
  misc/q_5e5c3ae12954.pdf  Q28a    Nonem      None
  misc/q_e10bdad09f76.pdf  Q28b    Nonem      None
  misc/q_d622889f2656.pdf  Q28c    Nonem      None
  misc/q_e9dab893dfaf.pdf  Q28d    Nonem      None
  misc/q_70814337beb8.pdf  Q29     3m      None
  misc/q_c6f4d99b6f95.pdf  Q30a    Nonem      None
  misc/q_661fe31cab18.pdf  Q30b    Nonem      None
  misc/q_9398330a25f9.pdf  Q31a    Nonem      None
  misc/q_239f43f4919e.pdf  Q31b    Nonem      None
  misc/q_975cfc5d9544.pdf  Q32     3m      None
  misc/q_dfe7257e5f50.pdf  Q33a    Nonem      None
  misc/q_23738bfadd5e.pdf  Q33b    Nonem      None
  misc/q_ccb36399455f.pdf  Q34a    Nonem      None
  misc/q_dc016cd53253.pdf  Q34b    Nonem      None
  misc/q_d9bd85a6af31.pdf  Q35a    Nonem      None
  misc/q_bd200b72f989.pdf  Q35c    Nonem      None
  misc/q_94cc039b7458.pdf  Q36a    Nonem      None
  misc/q_446ebf783756.pdf  Q37a    Nonem      None
  misc/q_9bc836f19897.pdf  Q16     3m      None
  misc/q_d6ed6edc33d6.pdf  Q16     Nonem      None
  misc/q_0cabadffaf0a.pdf  Q17a    Nonem      None
  misc/q_27e77160a988.pdf  Q17b    Nonem      None
  misc/q_7ffe46485ab0.pdf  Q17c    Nonem      None
  misc/q_483891639a56.pdf  Q18a    Nonem      None
  misc/q_05ea4897da84.pdf  Q18b    Nonem      None
  misc/q_1d33874137f3.pdf  Q19a    Nonem      None
  misc/q_8ef6bfc786fa.pdf  Q19b    Nonem      None
  misc/q_026034c6cc7d.pdf  Q20a    Nonem      None
  misc/q_eaf127ac9ba5.pdf  Q21a    Nonem      None
  misc/q_3ffc1e06467c.pdf  Q21b    Nonem      None
  misc/q_b0897776eaf5.pdf  Q22a    Nonem      None
  misc/q_3fc72fdbbae1.pdf  Q23a    Nonem      None
  misc/q_88c59875d42f.pdf  Q24a    Nonem      None
  misc/q_0c5f6c5a4f45.pdf  Q25a    Nonem      None
  misc/q_fed994fe7ddf.pdf  Q25b    Nonem      None
  misc/q_1fb229099e20.pdf  Q25c    Nonem      None
  misc/q_155c1d7a08a4.pdf  Q25d    Nonem      None
  misc/q_608a99b6e9b3.pdf  Q25e    Nonem      None
  misc/q_7fb779611df0.pdf  Q26     3m      None
  misc/q_7b282a8743a4.pdf  Q27     3m      None
  misc/q_584d3a015660.pdf  Q28a    Nonem      None
  misc/q_1d6ecd329245.pdf  Q28b    Nonem      None
  misc/q_033d0bc9ac80.pdf  Q28c    Nonem      None
  misc/q_c4688bbc0207.pdf  Q28d    Nonem      None
  misc/q_9ed5c5aee713.pdf  Q29     3m      None
  misc/q_aff59bd531b2.pdf  Q30a    Nonem      None
  misc/q_7c027f68e8c8.pdf  Q30b    Nonem      None
  misc/q_55045e84606e.pdf  Q31     4m      None
  misc/q_50e006684373.pdf  Q32     3m      None
  misc/q_ceef5113e5e6.pdf  Q33a    Nonem      None
  misc/q_b3c9827078a5.pdf  Q33b    Nonem      None
  misc/q_ba649a613d88.pdf  Q34a    Nonem      None
  misc/q_a54cf0a6f9a8.pdf  Q34b    Nonem      None
  misc/q_bd1d87a7380b.pdf  Q35a    Nonem      None
  misc/q_768b1e0d6873.pdf  Q35b    Nonem      None
  misc/q_8f12d66eb8f6.pdf  Q35c    Nonem      None
  misc/q_882b0cbda34f.pdf  Q36a    Nonem      None
  misc/q_79b4d2731b37.pdf  Q37     3m      None
[34] maths-accelerated-y11-yearly-sydney-boys-2005-w-sol
  maths-accelerated-y11-yearly-sydney-boys-2005-w-sol: 4 questions, 23 parts, 1 soln pages [ocr, 0 tokens]
