maths-accelerated-y11-yearly-sydney-boys-2005-w-sol: 17 parts (17 answers) -> maths-accelerated/2005-sydney-boys-yearly/  (2092 KB)
.maths-accelerated-y11-yearly-sydney-boys-2006-w-sol: 21 parts (21 answers) -> maths-accelerated/2006-sydney-boys-yearly/  (1348 KB)
.maths-accelerated-y11-yearly-sydney-boys-2007-w-sol: 17 parts (17 answers) -> maths-accelerated/2007-sydney-boys-yearly/  (536 KB)
.maths-accelerated-y11-yearly-sydney-boys-2008-w-sol: 20 parts (19 answers) -> maths-accelerated/2008-sydney-boys-yearly/  (470 KB)
.maths-accelerated-y11-yearly-sydney-boys-2009-w-sol: 18 parts (18 answers) -> maths-accelerated/2009-sydney-boys-yearly/  (774 KB)
.maths-accelerated-y11-yearly-sydney-boys-2010-w-sol: 17 parts (17 answers) -> maths-accelerated/2010-sydney-boys-yearly/  (621 KB)
.maths-accelerated-y11-yearly-sydney-boys-2011-w-sol: 17 parts (17 answers) -> maths-accelerated/2011-sydney-boys-yearly/  (1496 KB)
.maths-accelerated-y11-yearly-sydney-boys-2012-w-sol: 28 parts (28 answers) -> maths-accelerated/2012-sydney-boys-yearly/  (892 KB)
.maths-accelerated-y11-yearly-sydney-boys-2013-w-sol: 24 parts (24 answers) -> maths-accelerated/2013-sydney-boys-yearly/  (784 KB)
.maths-accelerated-y11-yearly-sydney-boys-2014-w-sol: 31 parts (31 answers) -> maths-accelerated/2014-sydney-boys-yearly/  (14237 KB)
.maths-accelerated-y11-yearly-sydney-boys-2015-w-sol: 26 parts (26 answers) -> maths-accelerated/2015-sydney-boys-yearly/  (1043 KB)
.maths-accelerated-y11-yearly-sydney-boys-2016-w-sol: 27 parts (27 answers) -> maths-accelerated/2016-sydney-boys-yearly/  (6447 KB)
.maths-accelerated-y11-yearly-sydney-boys-2017-w-sol: 33 parts (0 answers) -> maths-accelerated/2017-sydney-boys-yearly/  (3892 KB)
.maths-advanced-hsc-nesa-2015-maths-hsc-exam: 0 parts (0 answers) -> maths-advanced/2015-hsc/  (0 KB)
.maths-advanced-hsc-nesa-2016-hsc-maths: 38 parts (0 answers) -> maths-advanced/2016-hsc/  (1765 KB)
.maths-advanced-hsc-nesa-2017-hsc-maths: 37 parts (0 answers) -> maths-advanced/2017-hsc/  (1801 KB)
.maths-advanced-hsc-nesa-2018-hsc-mathematics: 39 parts (0 answers) -> maths-advanced/2018-hsc/  (1616 KB)
.maths-advanced-hsc-nesa-2019-hsc-mathematics: 35 parts (0 answers) -> maths-advanced/2019-hsc/  (1344 KB)
.maths-advanced-hsc-nesa-2020-hsc-mathematics-advanced: 41 parts (0 answers) -> maths-advanced/2020-hsc/  (2414 KB)
.maths-advanced-hsc-nesa-2021-hsc-mathematics-advanced: 40 parts (0 answers) -> maths-advanced/2021-hsc/  (2874 KB)
.maths-advanced-hsc-nesa-2022-hsc-mathematics-advanced: 44 parts (0 answers) -> maths-advanced/2022-hsc/  (2863 KB)
.maths-advanced-hsc-nesa-2023-hsc-maths-adv: 41 parts (0 answers) -> maths-advanced/2023-hsc/  (4672 KB)
.maths-advanced-hsc-nesa-2024-hsc-maths-adv: 39 parts (0 answers) -> maths-advanced/2024-hsc/  (3972 KB)
.maths-advanced-hsc-nesa-2025-hsc-maths-advanced: 42 parts (0 answers) -> maths-advanced/2025-hsc/  (6416 KB)
.maths-advanced-y11-yearly-abbotsleigh-2020: 52 parts (0 answers) -> maths-advanced/2020-abbotsleigh-yearly/  (3208 KB)
.maths-advanced-y11-yearly-abbotsleigh-2024: 35 parts (0 answers) -> maths-advanced/2024-abbotsleigh-yearly/  (6002 KB)
.maths-advanced-y11-yearly-ascham-2019-w-sol: 30 parts (0 answers) -> maths-advanced/2019-ascham-yearly/  (2225 KB)
.maths-advanced-y11-yearly-barker-2021-w-sol: 1 parts (0 answers) -> maths-advanced/2021-barker-yearly/  (119 KB)
.maths-advanced-y11-yearly-barker-2024-w-sol: 12 parts (0 answers) -> maths-advanced/2024-barker-yearly/  (2360 KB)
.maths-advanced-y11-yearly-baulkham-hills-2008-w-sol: 9 parts (0 answers) -> maths-advanced/2008-baulkham-hills-yearly/  (793 KB)
.maths-advanced-y11-yearly-baulkham-hills-2009-w-sol: 11 parts (0 answers) -> maths-advanced/2009-baulkham-hills-yearly/  (1750 KB)
.maths-advanced-y11-yearly-baulkham-hills-2010-w-sol: 13 parts (0 answers) -> maths-advanced/2010-baulkham-hills-yearly/  (1328 KB)
.maths-advanced-y11-yearly-baulkham-hills-2011-w-sol: 6 parts (0 answers) -> maths-advanced/2011-baulkham-hills-yearly/  (389 KB)
.maths-advanced-y11-yearly-baulkham-hills-2012-w-sol: 7 parts (0 answers) -> maths-advanced/2012-baulkham-hills-yearly/  (1219 KB)
.maths-advanced-y11-yearly-baulkham-hills-2013-w-sol: 5 parts (0 answers) -> maths-advanced/2013-baulkham-hills-yearly/  (50 KB)
.maths-advanced-y11-yearly-baulkham-hills-2014-w-sol: 2 parts (0 answers) -> maths-advanced/2014-baulkham-hills-yearly/  (147 KB)
.maths-advanced-y11-yearly-baulkham-hills-2015-w-sol: 0 parts (0 answers) -> maths-advanced/2015-baulkham-hills-yearly/  (0 KB)
.maths-advanced-y11-yearly-baulkham-hills-2016-w-sol: 2 parts (0 answers) -> maths-advanced/2016-baulkham-hills-yearly/  (85 KB)
.maths-advanced-y11-yearly-baulkham-hills-2017-w-sol: 0 parts (0 answers) -> maths-advanced/2017-baulkham-hills-yearly/  (0 KB)
.maths-advanced-y11-yearly-baulkham-hills-2018-w-sol: 2 parts (0 answers) -> maths-advanced/2018-baulkham-hills-yearly/  (195 KB)
.maths-advanced-y11-yearly-baulkham-hills-2019-w-sol: 4 parts (0 answers) -> maths-advanced/2019-baulkham-hills-yearly/  (463 KB)
.maths-advanced-y11-yearly-baulkham-hills-2020-w-sol: 46 parts (0 answers) -> maths-advanced/2020-baulkham-hills-yearly/  (11347 KB)
.maths-advanced-y11-yearly-baulkham-hills-2021-w-sol: 13 parts (0 answers) -> maths-advanced/2021-baulkham-hills-yearly/  (1591 KB)
.maths-advanced-y11-yearly-baulkham-hills-2022-w-sol: 26 parts (0 answers) -> maths-advanced/2022-baulkham-hills-yearly/  (3548 KB)
.maths-advanced-y11-yearly-baulkham-hills-2023-w-sol: 31 parts (0 answers) -> maths-advanced/2023-baulkham-hills-yearly/  (3963 KB)
.maths-advanced-y11-yearly-baulkham-hills-2024-w-sol: 31 parts (0 answers) -> maths-advanced/2024-baulkham-hills-yearly/  (5584 KB)
.maths-advanced-y11-yearly-blacktown-boys-2020-w-sol: 18 parts (0 answers) -> maths-advanced/2020-blacktown-boys-yearly/  (2010 KB)
.maths-advanced-y11-yearly-blacktown-boys-2022-w-sol: 16 parts (0 answers) -> maths-advanced/2022-blacktown-boys-yearly/  (767 KB)
.maths-advanced-y12-hsc-1967-hsc: 4 parts (0 answers) -> maths-advanced/1967-hsc/  (339 KB)
.maths-advanced-y12-hsc-1968-hsc: 6 parts (0 answers) -> maths-advanced/1968-hsc/  (481 KB)
.maths-advanced-y12-hsc-1969-hsc: 6 parts (0 answers) -> maths-advanced/1969-hsc/  (387 KB)
.maths-advanced-y12-hsc-1970-hsc: 7 parts (0 answers) -> maths-advanced/1970-hsc/  (360 KB)
.maths-advanced-y12-hsc-1971-hsc: 9 parts (0 answers) -> maths-advanced/1971-hsc/  (504 KB)
.maths-advanced-y12-hsc-1972-hsc: 5 parts (0 answers) -> maths-advanced/1972-hsc/  (270 KB)
.maths-advanced-y12-hsc-1973-hsc: 9 parts (0 answers) -> maths-advanced/1973-hsc/  (575 KB)
.maths-advanced-y12-hsc-1974-hsc: 10 parts (0 answers) -> maths-advanced/1974-hsc/  (494 KB)
.maths-advanced-y12-hsc-1975-hsc: 7 parts (0 answers) -> maths-advanced/1975-hsc/  (385 KB)
.maths-advanced-y12-hsc-1976-hsc: 10 parts (0 answers) -> maths-advanced/1976-hsc/  (259 KB)
.maths-advanced-y12-hsc-1977-hsc: 11 parts (0 answers) -> maths-advanced/1977-hsc/  (282 KB)
.maths-advanced-y12-hsc-1978-hsc: 11 parts (0 answers) -> maths-advanced/1978-hsc/  (381 KB)
.maths-advanced-y12-hsc-1979-hsc: 11 parts (0 answers) -> maths-advanced/1979-hsc/  (291 KB)
.maths-advanced-y12-hsc-1980-hsc: 11 parts (0 answers) -> maths-advanced/1980-hsc/  (283 KB)
.maths-advanced-y12-hsc-1981-hsc: 10 parts (0 answers) -> maths-advanced/1981-hsc/  (752 KB)
.maths-advanced-y12-hsc-1982-hsc: 5 parts (0 answers) -> maths-advanced/1982-hsc/  (501 KB)
.maths-advanced-y12-hsc-1983-hsc: 10 parts (0 answers) -> maths-advanced/1983-hsc/  (626 KB)
.maths-advanced-y12-hsc-1984-hsc: 13 parts (0 answers) -> maths-advanced/1984-hsc/  (414 KB)
.maths-advanced-y12-hsc-1985-hsc: 24 parts (0 answers) -> maths-advanced/1985-hsc/  (705 KB)
.maths-advanced-y12-hsc-1986-hsc: 35 parts (0 answers) -> maths-advanced/1986-hsc/  (595 KB)
.maths-advanced-y12-hsc-1987-hsc: 33 parts (0 answers) -> maths-advanced/1987-hsc/  (716 KB)
.maths-advanced-y12-hsc-1988-hsc: 17 parts (0 answers) -> maths-advanced/1988-hsc/  (828 KB)
.maths-advanced-y12-hsc-1989-hsc: 16 parts (0 answers) -> maths-advanced/1989-hsc/  (925 KB)
.maths-advanced-y12-hsc-1990-hsc: 2 parts (0 answers) -> maths-advanced/1990-hsc/  (93 KB)
.maths-advanced-y12-hsc-1991-hsc: 16 parts (0 answers) -> maths-advanced/1991-hsc/  (796 KB)
.maths-advanced-y12-hsc-1992-hsc: 16 parts (0 answers) -> maths-advanced/1992-hsc/  (1059 KB)
.maths-advanced-y12-hsc-1993-hsc: 19 parts (0 answers) -> maths-advanced/1993-hsc/  (1264 KB)
.maths-advanced-y12-hsc-1994-hsc: 24 parts (0 answers) -> maths-advanced/1994-hsc/  (1564 KB)
.maths-advanced-y12-hsc-1995-hsc: 42 parts (0 answers) -> maths-advanced/1995-hsc/  (222 KB)
.maths-advanced-y12-hsc-1996-hsc: 38 parts (0 answers) -> maths-advanced/1996-hsc/  (469 KB)
.maths-advanced-y12-hsc-1997-hsc: 29 parts (0 answers) -> maths-advanced/1997-hsc/  (197 KB)
.maths-advanced-y12-hsc-1998-hsc: 44 parts (0 answers) -> maths-advanced/1998-hsc/  (266 KB)
.maths-advanced-y12-hsc-1999-hsc: 30 parts (0 answers) -> maths-advanced/1999-hsc/  (154 KB)
.maths-advanced-y12-hsc-2000-hsc: 28 parts (0 answers) -> maths-advanced/2000-hsc/  (261 KB)
.maths-advanced-y12-hsc-2001-hsc: 38 parts (0 answers) -> maths-advanced/2001-hsc/  (969 KB)
.maths-advanced-y12-trial-abbotsleigh-1991-w-sol: 17 parts (0 answers) -> maths-advanced/1991-abbotsleigh-trial/  (544 KB)
.maths-advanced-y12-trial-abbotsleigh-2001: 35 parts (0 answers) -> maths-advanced/2001-abbotsleigh-trial/  (7825 KB)
.maths-advanced-y12-trial-abbotsleigh-2003-w-sol: 12 parts (0 answers) -> maths-advanced/2003-abbotsleigh-trial/  (1404 KB)
.maths-advanced-y12-trial-abbotsleigh-2004-w-sol: 12 parts (0 answers) -> maths-advanced/2004-abbotsleigh-trial/  (1628 KB)
.maths-advanced-y12-trial-abbotsleigh-2006-w-sol: 12 parts (0 answers) -> maths-advanced/2006-abbotsleigh-trial/  (1245 KB)
.maths-advanced-y12-trial-abbotsleigh-2007-w-sol: 39 parts (0 answers) -> maths-advanced/2007-abbotsleigh-trial/  (1611 KB)
.maths-advanced-y12-trial-abbotsleigh-2010-w-sol: 20 parts (0 answers) -> maths-advanced/2010-abbotsleigh-trial/  (2394 KB)
.maths-advanced-y12-trial-abbotsleigh-2011-w-sol: 17 parts (0 answers) -> maths-advanced/2011-abbotsleigh-trial/  (2105 KB)
.maths-advanced-y12-trial-abbotsleigh-2016-w-sol: 40 parts (0 answers) -> maths-advanced/2016-abbotsleigh-trial/  (2865 KB)
.maths-advanced-y12-trial-abbotsleigh-2020-w-sol: 95 parts (0 answers) -> maths-advanced/2020-abbotsleigh-trial/  (15252 KB)
.maths-advanced-y12-trial-abbotsleigh-2021-w-sol: 46 parts (0 answers) -> maths-advanced/2021-abbotsleigh-trial/  (8814 KB)
.maths-advanced-y12-trial-abbotsleigh-2023-w-sol: 102 parts (0 answers) -> maths-advanced/2023-abbotsleigh-trial/  (14897 KB)
.maths-advanced-y12-trial-abbotsleigh-2024-w-sol: 116 parts (0 answers) -> maths-advanced/2024-abbotsleigh-trial/  (17388 KB)
.maths-advanced-y12-trial-abbotsleigh-2025: 74 parts (0 answers) -> maths-advanced/2025-abbotsleigh-trial/  (11010 KB)
.maths-advanced-y12-trial-ascham-1999-w-sol: 50 parts (0 answers) -> maths-advanced/1999-ascham-trial/  (1809 KB)
.maths-advanced-y12-trial-ascham-2000-w-sol: 49 parts (0 answers) -> maths-advanced/2000-ascham-trial/  (1726 KB)
.maths-advanced-y12-trial-ascham-2001: 8 parts (0 answers) -> maths-advanced/2001-ascham-trial/  (1909 KB)
.maths-advanced-y12-trial-ascham-2003-w-sol: 37 parts (0 answers) -> maths-advanced/2003-ascham-trial/  (1900 KB)
.maths-advanced-y12-trial-ascham-2004-w-sol: 9 parts (0 answers) -> maths-advanced/2004-ascham-trial/  (1249 KB)
.maths-advanced-y12-trial-ascham-2007-w-sol: 10 parts (0 answers) -> maths-advanced/2007-ascham-trial/  (1165 KB)
.maths-advanced-y12-trial-ascham-2008-w-sol: 10 parts (0 answers) -> maths-advanced/2008-ascham-trial/  (952 KB)
.maths-advanced-y12-trial-ascham-2011-w-sol: 4 parts (0 answers) -> maths-advanced/2011-ascham-trial/  (760 KB)
.maths-advanced-y12-trial-ascham-2012-w-sol: 19 parts (0 answers) -> maths-advanced/2012-ascham-trial/  (2152 KB)
.maths-advanced-y12-trial-ascham-2013-w-sol: 5 parts (0 answers) -> maths-advanced/2013-ascham-trial/  (414 KB)
.maths-advanced-y12-trial-ascham-2016-w-sol: 18 parts (0 answers) -> maths-advanced/2016-ascham-trial/  (958 KB)
.maths-advanced-y12-trial-ascham-2020: 45 parts (0 answers) -> maths-advanced/2020-ascham-trial/  (5671 KB)
.maths-advanced-y12-trial-ascham-2022-w-sol: 71 parts (0 answers) -> maths-advanced/2022-ascham-trial/  (8932 KB)
.maths-advanced-y12-trial-ascham-2023-w-sol: 82 parts (0 answers) -> maths-advanced/2023-ascham-trial/  (16680 KB)
.maths-advanced-y12-trial-ascham-2024-w-sol: 100 parts (0 answers) -> maths-advanced/2024-ascham-trial/  (15192 KB)
.maths-advanced-y12-trial-barker-1988-w-sol: 10 parts (0 answers) -> maths-advanced/1988-barker-trial/  (331 KB)
.maths-advanced-y12-trial-barker-1989-w-sol: 9 parts (0 answers) -> maths-advanced/1989-barker-trial/  (996 KB)
.maths-advanced-y12-trial-barker-1990-w-sol: 17 parts (0 answers) -> maths-advanced/1990-barker-trial/  (1927 KB)
.maths-advanced-y12-trial-barker-1999-w-sol: 44 parts (0 answers) -> maths-advanced/1999-barker-trial/  (1550 KB)
.maths-advanced-y12-trial-barker-2000-w-sol: 6 parts (0 answers) -> maths-advanced/2000-barker-trial/  (962 KB)
.maths-advanced-y12-trial-barker-2001: 17 parts (0 answers) -> maths-advanced/2001-barker-trial/  (3804 KB)
.maths-advanced-y12-trial-barker-2003-w-sol: 14 parts (0 answers) -> maths-advanced/2003-barker-trial/  (444 KB)
.maths-extension-1-hsc-nesa-2015-hsc-maths-ext1: 0 parts (0 answers) -> maths-extension-1/2015-hsc/  (0 KB)
.maths-extension-1-hsc-nesa-2016-hsc-maths-ext-1: 26 parts (0 answers) -> maths-extension-1/2016-hsc/  (3789 KB)
.maths-extension-1-hsc-nesa-2017-hsc-maths-ext-1: 26 parts (0 answers) -> maths-extension-1/2017-hsc/  (958 KB)
.maths-extension-1-hsc-nesa-2018-hsc-mathematics-ext-1: 24 parts (0 answers) -> maths-extension-1/2018-hsc/  (1181 KB)
.maths-extension-1-hsc-nesa-2019-hsc-mathematics-extension-1: 23 parts (0 answers) -> maths-extension-1/2019-hsc/  (843 KB)
.maths-extension-1-hsc-nesa-2020-hsc-mathematics-extension-1: 17 parts (0 answers) -> maths-extension-1/2020-hsc/  (636 KB)
.maths-extension-1-hsc-nesa-2021-hsc-mathematics-extension-1: 19 parts (0 answers) -> maths-extension-1/2021-hsc/  (955 KB)
.maths-extension-1-hsc-nesa-2022-hsc-mathematics-extension-1: 20 parts (0 answers) -> maths-extension-1/2022-hsc/  (976 KB)
.maths-extension-1-hsc-nesa-2023-hsc-maths-ext-1: 21 parts (0 answers) -> maths-extension-1/2023-hsc/  (1618 KB)
.maths-extension-1-hsc-nesa-2024-hsc-maths-ext-1: 20 parts (0 answers) -> maths-extension-1/2024-hsc/  (1449 KB)
.maths-extension-1-hsc-nesa-2025-hsc-maths-extension-1: 18 parts (0 answers) -> maths-extension-1/2025-hsc/  (1362 KB)
.maths-extension-1-y11-yearly-abbotsleigh-2024: 35 parts (0 answers) -> maths-extension-1/2024-abbotsleigh-yearly/  (6002 KB)
.maths-extension-1-y11-yearly-barker-2017-w-sol: 22 parts (0 answers) -> maths-extension-1/2017-barker-yearly/  (1073 KB)
.maths-extension-1-y11-yearly-barker-2023-w-sol: 6 parts (0 answers) -> maths-extension-1/2023-barker-yearly/  (1116 KB)
.maths-extension-1-y11-yearly-baulkham-hills-2006-w-sol: 7 parts (0 answers) -> maths-extension-1/2006-baulkham-hills-yearly/  (235 KB)
.maths-extension-1-y11-yearly-baulkham-hills-2007-w-sol: 5 parts (0 answers) -> maths-extension-1/2007-baulkham-hills-yearly/  (190 KB)
.maths-extension-1-y11-yearly-baulkham-hills-2008-w-sol: 9 parts (0 answers) -> maths-extension-1/2008-baulkham-hills-yearly/  (365 KB)
.maths-extension-1-y11-yearly-baulkham-hills-2009-w-sol: 7 parts (0 answers) -> maths-extension-1/2009-baulkham-hills-yearly/  (151 KB)
.maths-extension-1-y11-yearly-baulkham-hills-2010-w-sol: 8 parts (0 answers) -> maths-extension-1/2010-baulkham-hills-yearly/  (853 KB)
.maths-extension-1-y11-yearly-baulkham-hills-2011-w-sol: 6 parts (0 answers) -> maths-extension-1/2011-baulkham-hills-yearly/  (1065 KB)
.maths-extension-1-y11-yearly-baulkham-hills-2012-w-sol: 5 parts (0 answers) -> maths-extension-1/2012-baulkham-hills-yearly/  (332 KB)
.maths-extension-1-y11-yearly-baulkham-hills-2013-w-sol: 12 parts (0 answers) -> maths-extension-1/2013-baulkham-hills-yearly/  (1030 KB)
.maths-extension-1-y11-yearly-baulkham-hills-2014-w-sol: 7 parts (0 answers) -> maths-extension-1/2014-baulkham-hills-yearly/  (204 KB)
.maths-extension-1-y11-yearly-baulkham-hills-2015-w-sol: 3 parts (0 answers) -> maths-extension-1/2015-baulkham-hills-yearly/  (387 KB)
.maths-extension-1-y11-yearly-baulkham-hills-2016-w-sol: 25 parts (0 answers) -> maths-extension-1/2016-baulkham-hills-yearly/  (699 KB)
.maths-extension-1-y11-yearly-baulkham-hills-2017-w-sol: 8 parts (0 answers) -> maths-extension-1/2017-baulkham-hills-yearly/  (795 KB)
.maths-extension-1-y11-yearly-baulkham-hills-2019-w-sol: 5 parts (0 answers) -> maths-extension-1/2019-baulkham-hills-yearly/  (787 KB)
.maths-extension-1-y11-yearly-baulkham-hills-2020-w-sol: 16 parts (0 answers) -> maths-extension-1/2020-baulkham-hills-yearly/  (894 KB)
.maths-extension-1-y11-yearly-baulkham-hills-2022-w-sol: 13 parts (0 answers) -> maths-extension-1/2022-baulkham-hills-yearly/  (1810 KB)
.maths-extension-1-y11-yearly-baulkham-hills-2023-w-sol: 8 parts (0 answers) -> maths-extension-1/2023-baulkham-hills-yearly/  (1257 KB)
.maths-extension-1-y11-yearly-baulkham-hills-2024-w-sol: 13 parts (0 answers) -> maths-extension-1/2024-baulkham-hills-yearly/  (512 KB)
.maths-extension-1-y11-yearly-baulkham-hills-2025-w-sol: 7 parts (0 answers) -> maths-extension-1/2025-baulkham-hills-yearly/  (370 KB)
.maths-extension-1-y11-yearly-blacktown-boys-2019-w-sol: 4 parts (0 answers) -> maths-extension-1/2019-blacktown-boys-yearly/  (237 KB)
.maths-extension-1-y11-yearly-blacktown-boys-2020-w-sol: 4 parts (0 answers) -> maths-extension-1/2020-blacktown-boys-yearly/  (341 KB)
.maths-extension-1-y11-yearly-blacktown-boys-2022-w-sol: 2 parts (0 answers) -> maths-extension-1/2022-blacktown-boys-yearly/  (164 KB)
.maths-extension-1-y11-yearly-blacktown-boys-2023-w-sol: 4 parts (0 answers) -> maths-extension-1/2023-blacktown-boys-yearly/  (237 KB)
.maths-extension-1-y11-yearly-blacktown-boys-2024-w-sol: 19 parts (0 answers) -> maths-extension-1/2024-blacktown-boys-yearly/  (4049 KB)
.maths-extension-1-y11-yearly-caringbah-2014-w-sol: 14 parts (0 answers) -> maths-extension-1/2014-caringbah-yearly/  (714 KB)
.maths-extension-1-y11-yearly-caringbah-2015-w-sol: 5 parts (0 answers) -> maths-extension-1/2015-caringbah-yearly/  (834 KB)
.maths-extension-1-y11-yearly-caringbah-2016: 14 parts (0 answers) -> maths-extension-1/2016-caringbah-yearly/  (2143 KB)
.maths-extension-1-y12-hsc-1967-hsc: 11 parts (0 answers) -> maths-extension-1/1967-hsc/  (1011 KB)
.maths-extension-1-y12-hsc-1968-hsc: 13 parts (0 answers) -> maths-extension-1/1968-hsc/  (1394 KB)
.maths-extension-1-y12-hsc-1969-hsc: 8 parts (0 answers) -> maths-extension-1/1969-hsc/  (840 KB)
.maths-extension-1-y12-hsc-1970-hsc: 10 parts (0 answers) -> maths-extension-1/1970-hsc/  (781 KB)
.maths-extension-1-y12-hsc-1971-hsc: 9 parts (0 answers) -> maths-extension-1/1971-hsc/  (1021 KB)
.maths-extension-1-y12-hsc-1972-hsc: 9 parts (0 answers) -> maths-extension-1/1972-hsc/  (1020 KB)
.maths-extension-1-y12-hsc-1973-hsc: 9 parts (0 answers) -> maths-extension-1/1973-hsc/  (977 KB)
.maths-extension-1-y12-hsc-1974-hsc: 10 parts (0 answers) -> maths-extension-1/1974-hsc/  (935 KB)
.maths-extension-1-y12-hsc-1975-hsc: 5 parts (0 answers) -> maths-extension-1/1975-hsc/  (515 KB)
.maths-extension-1-y12-hsc-1976-hsc: 11 parts (0 answers) -> maths-extension-1/1976-hsc/  (859 KB)
.maths-extension-1-y12-hsc-1977-hsc: 12 parts (0 answers) -> maths-extension-1/1977-hsc/  (1014 KB)
.maths-extension-1-y12-hsc-1978-hsc: 13 parts (0 answers) -> maths-extension-1/1978-hsc/  (1341 KB)
.maths-extension-1-y12-hsc-1979-hsc: 15 parts (0 answers) -> maths-extension-1/1979-hsc/  (1250 KB)
.maths-extension-1-y12-hsc-1980-hsc: 16 parts (0 answers) -> maths-extension-1/1980-hsc/  (1343 KB)
.maths-extension-1-y12-hsc-1981-hsc: 13 parts (0 answers) -> maths-extension-1/1981-hsc/  (861 KB)
.maths-extension-1-y12-hsc-1982-hsc: 17 parts (0 answers) -> maths-extension-1/1982-hsc/  (1458 KB)
.maths-extension-1-y12-hsc-1983-hsc: 10 parts (0 answers) -> maths-extension-1/1983-hsc/  (899 KB)
.maths-extension-1-y12-hsc-1984-hsc: 14 parts (0 answers) -> maths-extension-1/1984-hsc/  (1119 KB)
.maths-extension-1-y12-hsc-1985-hsc: 17 parts (0 answers) -> maths-extension-1/1985-hsc/  (1367 KB)
.maths-extension-1-y12-trial-abbotsleigh-1990: 8 parts (0 answers) -> maths-extension-1/1990-abbotsleigh-trial/  (580 KB)
.maths-extension-1-y12-trial-abbotsleigh-1999-w-sol: 1 parts (0 answers) -> maths-extension-1/1999-abbotsleigh-trial/  (40 KB)
.maths-extension-1-y12-trial-abbotsleigh-2001-w-sol: 7 parts (0 answers) -> maths-extension-1/2001-abbotsleigh-trial/  (873 KB)
.maths-extension-1-y12-trial-abbotsleigh-2002-w-sol: 8 parts (0 answers) -> maths-extension-1/2002-abbotsleigh-trial/  (774 KB)
.maths-extension-1-y12-trial-abbotsleigh-2003-w-sol: 5 parts (0 answers) -> maths-extension-1/2003-abbotsleigh-trial/  (491 KB)
.maths-extension-1-y12-trial-abbotsleigh-2004-w-sol: 10 parts (0 answers) -> maths-extension-1/2004-abbotsleigh-trial/  (1412 KB)
.maths-extension-1-y12-trial-abbotsleigh-2006-w-sol: 8 parts (0 answers) -> maths-extension-1/2006-abbotsleigh-trial/  (1868 KB)
.maths-extension-1-y12-trial-abbotsleigh-2007-w-sol: 35 parts (0 answers) -> maths-extension-1/2007-abbotsleigh-trial/  (5960 KB)
.maths-extension-1-y12-trial-abbotsleigh-2008-w-sol: 1 parts (0 answers) -> maths-extension-1/2008-abbotsleigh-trial/  (11 KB)
.maths-extension-1-y12-trial-abbotsleigh-2009: 32 parts (0 answers) -> maths-extension-1/2009-abbotsleigh-trial/  (1527 KB)
.maths-extension-1-y12-trial-abbotsleigh-2010-w-sol: 28 parts (0 answers) -> maths-extension-1/2010-abbotsleigh-trial/  (5052 KB)
.maths-extension-1-y12-trial-abbotsleigh-2011-w-sol: 28 parts (0 answers) -> maths-extension-1/2011-abbotsleigh-trial/  (3830 KB)
.maths-extension-1-y12-trial-abbotsleigh-2012-w-sol: 24 parts (0 answers) -> maths-extension-1/2012-abbotsleigh-trial/  (3999 KB)
.maths-extension-1-y12-trial-abbotsleigh-2016-w-sol: 29 parts (0 answers) -> maths-extension-1/2016-abbotsleigh-trial/  (3731 KB)
.maths-extension-1-y12-trial-abbotsleigh-2020: 18 parts (0 answers) -> maths-extension-1/2020-abbotsleigh-trial/  (3258 KB)
.maths-extension-1-y12-trial-abbotsleigh-2022-w-sol: 18 parts (0 answers) -> maths-extension-1/2022-abbotsleigh-trial/  (968 KB)
.maths-extension-1-y12-trial-abbotsleigh-2023-w-sol: 27 parts (0 answers) -> maths-extension-1/2023-abbotsleigh-trial/  (4842 KB)
.maths-extension-2-hsc-nesa-2015-hsc-maths-ext2: 34 parts (0 answers) -> maths-extension-2/2015-hsc/  (2009 KB)
.maths-extension-2-hsc-nesa-2016-hsc-maths-ext-2: 34 parts (0 answers) -> maths-extension-2/2016-hsc/  (5008 KB)
.maths-extension-2-hsc-nesa-2017-hsc-maths-ext-2: 38 parts (0 answers) -> maths-extension-2/2017-hsc/  (2147 KB)
.maths-extension-2-hsc-nesa-2018-hsc-mathematics-ext-2: 37 parts (0 answers) -> maths-extension-2/2018-hsc/  (1956 KB)
.maths-extension-2-hsc-nesa-2019-hsc-mathematics-extension-2: 32 parts (0 answers) -> maths-extension-2/2019-hsc/  (1267 KB)
.maths-extension-2-hsc-nesa-2020-hsc-mathematics-extension-2: 27 parts (0 answers) -> maths-extension-2/2020-hsc/  (1223 KB)
.maths-extension-2-hsc-nesa-2021-hsc-mathematics-extension-2: 33 parts (0 answers) -> maths-extension-2/2021-hsc/  (1602 KB)
.maths-extension-2-hsc-nesa-2022-hsc-mathematics-extension-2: 31 parts (0 answers) -> maths-extension-2/2022-hsc/  (1186 KB)
.maths-extension-2-hsc-nesa-2023-hsc-maths-ext-2: 27 parts (0 answers) -> maths-extension-2/2023-hsc/  (2115 KB)
.maths-extension-2-hsc-nesa-2024-hsc-maths-ext-2: 33 parts (0 answers) -> maths-extension-2/2024-hsc/  (2394 KB)
.maths-extension-2-hsc-nesa-2025-hsc-maths-extension-2: 24 parts (0 answers) -> maths-extension-2/2025-hsc/  (2038 KB)
.maths-extension-2-y12-hsc-1967-hsc: 15 parts (0 answers) -> maths-extension-2/1967-hsc/  (762 KB)
.maths-extension-2-y12-hsc-1968-hsc: 20 parts (0 answers) -> maths-extension-2/1968-hsc/  (1021 KB)
.maths-extension-2-y12-hsc-1969-hsc: 10 parts (0 answers) -> maths-extension-2/1969-hsc/  (476 KB)
.maths-extension-2-y12-hsc-1970-hsc: 10 parts (0 answers) -> maths-extension-2/1970-hsc/  (541 KB)
.maths-extension-2-y12-hsc-1971-hsc: 10 parts (0 answers) -> maths-extension-2/1971-hsc/  (497 KB)
.maths-extension-2-y12-hsc-1972-hsc: 16 parts (0 answers) -> maths-extension-2/1972-hsc/  (836 KB)
.maths-extension-2-y12-hsc-1973-hsc: 22 parts (0 answers) -> maths-extension-2/1973-hsc/  (1100 KB)
.maths-extension-2-y12-hsc-1974-hsc: 22 parts (0 answers) -> maths-extension-2/1974-hsc/  (1118 KB)
.maths-extension-2-y12-hsc-1975-hsc: 17 parts (0 answers) -> maths-extension-2/1975-hsc/  (744 KB)
.maths-extension-2-y12-hsc-1976-hsc: 20 parts (0 answers) -> maths-extension-2/1976-hsc/  (831 KB)
.maths-extension-2-y12-hsc-1977-hsc: 18 parts (0 answers) -> maths-extension-2/1977-hsc/  (790 KB)
.maths-extension-2-y12-hsc-1978-hsc: 16 parts (0 answers) -> maths-extension-2/1978-hsc/  (696 KB)
.maths-extension-2-y12-hsc-1979-hsc: 16 parts (0 answers) -> maths-extension-2/1979-hsc/  (712 KB)
.maths-extension-2-y12-hsc-1980-hsc: 18 parts (0 answers) -> maths-extension-2/1980-hsc/  (836 KB)
.maths-extension-2-y12-hsc-1981-hsc: 13 parts (0 answers) -> maths-extension-2/1981-hsc/  (736 KB)
.maths-extension-2-y12-hsc-1982-hsc: 15 parts (0 answers) -> maths-extension-2/1982-hsc/  (888 KB)
.maths-extension-2-y12-hsc-1983-hsc: 9 parts (0 answers) -> maths-extension-2/1983-hsc/  (511 KB)
.maths-extension-2-y12-hsc-1984-hsc: 25 parts (0 answers) -> maths-extension-2/1984-hsc/  (1389 KB)
.maths-extension-2-y12-hsc-1985-hsc: 28 parts (0 answers) -> maths-extension-2/1985-hsc/  (1610 KB)
.maths-extension-2-y12-hsc-1986-hsc: 27 parts (0 answers) -> maths-extension-2/1986-hsc/  (1528 KB)
.maths-extension-2-y12-hsc-1987-hsc: 28 parts (0 answers) -> maths-extension-2/1987-hsc/  (1646 KB)
.maths-extension-2-y12-hsc-1988-hsc: 33 parts (0 answers) -> maths-extension-2/1988-hsc/  (1833 KB)
.maths-extension-2-y12-hsc-1989-hsc: 35 parts (0 answers) -> maths-extension-2/1989-hsc/  (2206 KB)
.maths-extension-2-y12-hsc-1990-hsc: 28 parts (0 answers) -> maths-extension-2/1990-hsc/  (1633 KB)
.maths-extension-2-y12-hsc-1991-hsc: 30 parts (0 answers) -> maths-extension-2/1991-hsc/  (1736 KB)
.maths-extension-2-y12-hsc-1992-hsc: 31 parts (0 answers) -> maths-extension-2/1992-hsc/  (1846 KB)
.maths-extension-2-y12-hsc-1993-hsc: 32 parts (0 answers) -> maths-extension-2/1993-hsc/  (1847 KB)
.maths-extension-2-y12-hsc-1994-hsc: 33 parts (0 answers) -> maths-extension-2/1994-hsc/  (1867 KB)
.maths-extension-2-y12-hsc-1995-hsc: 28 parts (0 answers) -> maths-extension-2/1995-hsc/  (213 KB)
.maths-extension-2-y12-hsc-1996-hsc: 28 parts (0 answers) -> maths-extension-2/1996-hsc/  (184 KB)
.maths-extension-2-y12-hsc-1997-hsc: 20 parts (0 answers) -> maths-extension-2/1997-hsc/  (133 KB)
.maths-extension-2-y12-hsc-1998-hsc: 35 parts (0 answers) -> maths-extension-2/1998-hsc/  (225 KB)
.maths-extension-2-y12-hsc-1999-hsc: 30 parts (0 answers) -> maths-extension-2/1999-hsc/  (192 KB)
.maths-extension-2-y12-hsc-2000-hsc: 31 parts (0 answers) -> maths-extension-2/2000-hsc/  (897 KB)
.maths-extension-2-y12-hsc-2001-hsc: 27 parts (0 answers) -> maths-extension-2/2001-hsc/  (824 KB)
.maths-extension-2-y12-trial-abbotsleigh-1999-w-sol: 29 parts (29 answers) -> maths-extension-2/1999-abbotsleigh-trial/  (505 KB)
.maths-extension-2-y12-trial-abbotsleigh-2001-w-sol: 29 parts (29 answers) -> maths-extension-2/2001-abbotsleigh-trial/  (521 KB)
.maths-extension-2-y12-trial-abbotsleigh-2002-w-sol: 29 parts (29 answers) -> maths-extension-2/2002-abbotsleigh-trial/  (693 KB)
.maths-extension-2-y12-trial-abbotsleigh-2003: 22 parts (0 answers) -> maths-extension-2/2003-abbotsleigh-trial/  (577 KB)
.maths-extension-2-y12-trial-abbotsleigh-2004: 25 parts (0 answers) -> maths-extension-2/2004-abbotsleigh-trial/  (960 KB)
.maths-extension-2-y12-trial-abbotsleigh-2007-w-sol: 25 parts (25 answers) -> maths-extension-2/2007-abbotsleigh-trial/  (577 KB)
.maths-extension-2-y12-trial-abbotsleigh-2008-w-sol: 27 parts (27 answers) -> maths-extension-2/2008-abbotsleigh-trial/  (613 KB)
.maths-extension-2-y12-trial-abbotsleigh-2010-w-sol: 24 parts (24 answers) -> maths-extension-2/2010-abbotsleigh-trial/  (4082 KB)
.maths-extension-2-y12-trial-abbotsleigh-2011-w-sol: 28 parts (28 answers) -> maths-extension-2/2011-abbotsleigh-trial/  (3713 KB)
.maths-extension-2-y12-trial-abbotsleigh-2016-w-sol: 28 parts (28 answers) -> maths-extension-2/2016-abbotsleigh-trial/  (3064 KB)
.maths-extension-2-y12-trial-abbotsleigh-2021-w-sol: 22 parts (0 answers) -> maths-extension-2/2021-abbotsleigh-trial/  (4038 KB)
.maths-extension-2-y12-trial-abbotsleigh-2023-w-sol: 37 parts (0 answers) -> maths-extension-2/2023-abbotsleigh-trial/  (9728 KB)
.maths-extension-2-y12-trial-abbotsleigh-2024-w-sol: 29 parts (0 answers) -> maths-extension-2/2024-abbotsleigh-trial/  (3423 KB)
.maths-extension-2-y12-trial-abbotsleigh-2025-w-sol: 45 parts (0 answers) -> maths-extension-2/2025-abbotsleigh-trial/  (7546 KB)
.maths-extension-2-y12-trial-ascham-1986: 11 parts (0 answers) -> maths-extension-2/1986-ascham-trial/  (812 KB)
.maths-extension-2-y12-trial-ascham-1994: 9 parts (0 answers) -> maths-extension-2/1994-ascham-trial/  (774 KB)
.maths-extension-2-y12-trial-ascham-1999-w-sol: 11 parts (0 answers) -> maths-extension-2/1999-ascham-trial/  (1481 KB)
.maths-extension-2-y12-trial-ascham-2001-w-sol: 0 parts (0 answers) -> maths-extension-2/2001-ascham-trial/  (0 KB)
.maths-extension-2-y12-trial-ascham-2002-w-sol: 8 parts (0 answers) -> maths-extension-2/2002-ascham-trial/  (752 KB)
.maths-extension-2-y12-trial-ascham-2003-w-sol: 8 parts (0 answers) -> maths-extension-2/2003-ascham-trial/  (994 KB)
.maths-extension-2-y12-trial-ascham-2004: 9 parts (0 answers) -> maths-extension-2/2004-ascham-trial/  (651 KB)
.maths-extension-2-y12-trial-ascham-2005: 7 parts (0 answers) -> maths-extension-2/2005-ascham-trial/  (832 KB)
.maths-extension-2-y12-trial-ascham-2010-w-sol: 16 parts (0 answers) -> maths-extension-2/2010-ascham-trial/  (601 KB)
.maths-extension-2-y12-trial-ascham-2011-w-sol: 31 parts (0 answers) -> maths-extension-2/2011-ascham-trial/  (1604 KB)
.maths-extension-2-y12-trial-ascham-2012: 8 parts (0 answers) -> maths-extension-2/2012-ascham-trial/  (846 KB)
.maths-extension-2-y12-trial-ascham-2013: 25 parts (0 answers) -> maths-extension-2/2013-ascham-trial/  (2770 KB)
.maths-extension-2-y12-trial-ascham-2014-w-sol: 8 parts (0 answers) -> maths-extension-2/2014-ascham-trial/  (1125 KB)
.maths-extension-2-y12-trial-ascham-2015-w-sol: 27 parts (0 answers) -> maths-extension-2/2015-ascham-trial/  (811 KB)
.maths-extension-2-y12-trial-ascham-2016-w-sol: 10 parts (0 answers) -> maths-extension-2/2016-ascham-trial/  (912 KB)
.maths-extension-2-y12-trial-ascham-2019-w-sol: 9 parts (0 answers) -> maths-extension-2/2019-ascham-trial/  (872 KB)
.maths-extension-2-y12-trial-ascham-2020-w-sol: 8 parts (0 answers) -> maths-extension-2/2020-ascham-trial/  (1025 KB)
.maths-extension-2-y12-trial-ascham-2021-w-sol: 10 parts (0 answers) -> maths-extension-2/2021-ascham-trial/  (1976 KB)
.maths-extension-2-y12-trial-ascham-2022-w-sol: 8 parts (0 answers) -> maths-extension-2/2022-ascham-trial/  (876 KB)
.maths-extension-2-y12-trial-ascham-2023-w-sol: 27 parts (0 answers) -> maths-extension-2/2023-ascham-trial/  (1447 KB)
.maths-extension-2-y12-trial-ascham-2024-w-sol: 10 parts (0 answers) -> maths-extension-2/2024-ascham-trial/  (1700 KB)
.maths-extension-2-y12-trial-ascham-2025-w-sol: 12 parts (0 answers) -> maths-extension-2/2025-ascham-trial/  (935 KB)
.maths-extension-2-y12-trial-barker-1999-w-sol: 9 parts (0 answers) -> maths-extension-2/1999-barker-trial/  (1355 KB)
.maths-extension-2-y12-trial-barker-2001-w-sol: 7 parts (0 answers) -> maths-extension-2/2001-barker-trial/  (123 KB)
.maths-extension-2-y12-trial-barker-2002-w-sol: 10 parts (0 answers) -> maths-extension-2/2002-barker-trial/  (967 KB)
.maths-extension-2-y12-trial-barker-2003: 9 parts (0 answers) -> maths-extension-2/2003-barker-trial/  (1241 KB)
.maths-extension-2-y12-trial-barker-2006: 16 parts (0 answers) -> maths-extension-2/2006-barker-trial/  (483 KB)
.maths-extension-2-y12-trial-barker-2007-w-sol: 11 parts (0 answers) -> maths-extension-2/2007-barker-trial/  (1004 KB)
.maths-extension-2-y12-trial-barker-2008-w-sol: 11 parts (0 answers) -> maths-extension-2/2008-barker-trial/  (878 KB)
.maths-extension-2-y12-trial-barker-2009-w-sol: 24 parts (0 answers) -> maths-extension-2/2009-barker-trial/  (3309 KB)
.maths-extension-2-y12-trial-barker-2010-w-sol: 31 parts (0 answers) -> maths-extension-2/2010-barker-trial/  (11846 KB)
.maths-extension-2-y12-trial-barker-2011-w-sol: 20 parts (0 answers) -> maths-extension-2/2011-barker-trial/  (4238 KB)
.maths-extension-2-y12-trial-barker-2012: 17 parts (0 answers) -> maths-extension-2/2012-barker-trial/  (1161 KB)
.maths-standard-2-hsc-nesa-2014-maths-general-2-specimen-paper: 49 parts (0 answers) -> maths-standard-2/2014-hsc/  (2813 KB)
.maths-standard-2-hsc-nesa-2014-maths-general-2-worked-solutions: 36 parts (0 answers) -> maths-standard-2/2014-hsc/  (5379 KB)
.maths-standard-2-hsc-nesa-2014-maths-general-hsc-exam: 40 parts (0 answers) -> maths-standard-2/2014-hsc/  (3144 KB)
.maths-standard-2-hsc-nesa-2015-maths-general-hsc-exam: 45 parts (0 answers) -> maths-standard-2/2015-hsc/  (3277 KB)
.maths-standard-2-hsc-nesa-2016-hsc-maths-general-2: 46 parts (0 answers) -> maths-standard-2/2016-hsc/  (1849 KB)
.maths-standard-2-hsc-nesa-2017-hsc-maths-general-2: 50 parts (0 answers) -> maths-standard-2/2017-hsc/  (3421 KB)
.maths-standard-2-hsc-nesa-2018-hsc-maths-general-2: 46 parts (0 answers) -> maths-standard-2/2018-hsc/  (3072 KB)
.maths-standard-2-hsc-nesa-2019-hsc-mathematics-standard-1: 34 parts (0 answers) -> maths-standard-2/2019-hsc/  (2303 KB)
.maths-standard-2-hsc-nesa-2019-hsc-mathematics-standard-2: 37 parts (0 answers) -> maths-standard-2/2019-hsc/  (2554 KB)
.maths-standard-2-hsc-nesa-2020-hsc-mathematics-standard-1: 34 parts (0 answers) -> maths-standard-2/2020-hsc/  (1903 KB)
.maths-standard-2-hsc-nesa-2020-hsc-mathematics-standard-2: 43 parts (0 answers) -> maths-standard-2/2020-hsc/  (2789 KB)
.maths-standard-2-hsc-nesa-2021-hsc-mathematics-standard-1: 32 parts (0 answers) -> maths-standard-2/2021-hsc/  (1999 KB)
.maths-standard-2-hsc-nesa-2021-hsc-mathematics-standard-2: 41 parts (0 answers) -> maths-standard-2/2021-hsc/  (2811 KB)
.maths-standard-2-hsc-nesa-2022-hsc-mathematics-standard-1: 30 parts (0 answers) -> maths-standard-2/2022-hsc/  (1815 KB)
.maths-standard-2-hsc-nesa-2022-hsc-mathematics-standard-2: 40 parts (0 answers) -> maths-standard-2/2022-hsc/  (2548 KB)
.maths-standard-2-hsc-nesa-2023-hsc-maths-std-1: 34 parts (0 answers) -> maths-standard-2/2023-hsc/  (5353 KB)
.maths-standard-2-hsc-nesa-2023-hsc-maths-std-2: 40 parts (0 answers) -> maths-standard-2/2023-hsc/  (4025 KB)
.maths-standard-2-hsc-nesa-2024-hsc-maths-std-1: 32 parts (0 answers) -> maths-standard-2/2024-hsc/  (2870 KB)
.maths-standard-2-hsc-nesa-2024-hsc-maths-std-2: 36 parts (0 answers) -> maths-standard-2/2024-hsc/  (3442 KB)
.maths-standard-2-hsc-nesa-2025-hsc-maths-standard-1: 30 parts (0 answers) -> maths-standard-2/2025-hsc/  (2882 KB)
.maths-standard-2-hsc-nesa-2025-hsc-maths-standard-2: 37 parts (0 answers) -> maths-standard-2/2025-hsc/  (3485 KB)
.maths-standard-2-y11-yearly-cherrybrook-tech-2001: 41 parts (0 answers) -> maths-standard-2/2001-cherrybrook-tech-yearly/  (1562 KB)
.maths-standard-2-y11-yearly-cherrybrook-tech-2002-w-sol: 31 parts (31 answers) -> maths-standard-2/2002-cherrybrook-tech-yearly/  (1163 KB)
.maths-standard-2-y11-yearly-cherrybrook-tech-2016-w-sol: 44 parts (44 answers) -> maths-standard-2/2016-cherrybrook-tech-yearly/  (1150 KB)
.maths-standard-2-y11-yearly-cherrybrook-tech-2018-w-sol: 36 parts (36 answers) -> maths-standard-2/2018-cherrybrook-tech-yearly/  (24838 KB)
.maths-standard-2-y11-yearly-cherrybrook-tech-2019-w-sol: 34 parts (34 answers) -> maths-standard-2/2019-cherrybrook-tech-yearly/  (22868 KB)
.maths-standard-2-y11-yearly-epping-boys-2005: 46 parts (0 answers) -> maths-standard-2/2005-epping-boys-yearly/  (2240 KB)
.maths-standard-2-y11-yearly-epping-boys-2006-w-sol: 39 parts (39 answers) -> maths-standard-2/2006-epping-boys-yearly/  (2004 KB)
.maths-standard-2-y11-yearly-epping-boys-2009-w-sol: 40 parts (40 answers) -> maths-standard-2/2009-epping-boys-yearly/  (1188 KB)
.maths-standard-2-y11-yearly-kings-2016-w-sol: 41 parts (41 answers) -> maths-standard-2/2016-kings-yearly/  (3174 KB)
.maths-standard-2-y11-yearly-kings-2017-w-sol: 43 parts (43 answers) -> maths-standard-2/2017-kings-yearly/  (14453 KB)
.maths-standard-2-y11-yearly-kings-2018-w-sol: 45 parts (45 answers) -> maths-standard-2/2018-kings-yearly/  (19147 KB)
.maths-standard-2-y11-yearly-trinity-grammar-2009: 20 parts (0 answers) -> maths-standard-2/2009-trinity-grammar-yearly/  (1553 KB)
.maths-standard-2-y11-yearly-trinity-grammar-2010: 11 parts (0 answers) -> maths-standard-2/2010-trinity-grammar-yearly/  (1457 KB)
.maths-standard-2-y12-hsc-2001-hsc: 39 parts (0 answers) -> maths-standard-2/2001-hsc/  (269 KB)
.maths-standard-2-y12-trial-abbotsleigh-2020-w-sol: 43 parts (43 answers) -> maths-standard-2/2020-abbotsleigh-trial/  (3565 KB)
.maths-standard-2-y12-trial-abbotsleigh-2021: 67 parts (0 answers) -> maths-standard-2/2021-abbotsleigh-trial/  (8632 KB)
.maths-standard-2-y12-trial-abbotsleigh-2023-w-sol: 64 parts (64 answers) -> maths-standard-2/2023-abbotsleigh-trial/  (5705 KB)
.maths-standard-2-y12-trial-abbotsleigh-2024-w-sol: 57 parts (57 answers) -> maths-standard-2/2024-abbotsleigh-trial/  (14641 KB)
.maths-standard-2-y12-trial-abbotsleigh-2025: 63 parts (0 answers) -> maths-standard-2/2025-abbotsleigh-trial/  (8989 KB)
.maths-standard-2-y12-trial-ascham-2019-w-sol: 37 parts (37 answers) -> maths-standard-2/2019-ascham-trial/  (4950 KB)
.maths-standard-2-y12-trial-ascham-2020: 58 parts (0 answers) -> maths-standard-2/2020-ascham-trial/  (7665 KB)
.maths-standard-2-y12-trial-ascham-2021-w-sol: 63 parts (63 answers) -> maths-standard-2/2021-ascham-trial/  (5626 KB)
.maths-standard-2-y12-trial-ascham-2022-w-sol: 51 parts (0 answers) -> maths-standard-2/2022-ascham-trial/  (10755 KB)
.maths-standard-2-y12-trial-ascham-2023-w-sol: 65 parts (0 answers) -> maths-standard-2/2023-ascham-trial/  (20177 KB)
.maths-standard-2-y12-trial-ascham-2024-w-sol: 60 parts (0 answers) -> maths-standard-2/2024-ascham-trial/  (17713 KB)
.maths-standard-2-y12-trial-ascham-2025-w-sol: 59 parts (0 answers) -> maths-standard-2/2025-ascham-trial/  (12264 KB)
.maths-standard-2-y12-trial-barker-2019-w-sol: 35 parts (0 answers) -> maths-standard-2/2019-barker-trial/  (4724 KB)
.maths-standard-2-y12-trial-barker-2020-w-sol: 23 parts (0 answers) -> maths-standard-2/2020-barker-trial/  (1283 KB)
.maths-standard-2-y12-trial-barker-2021-w-sol: 42 parts (0 answers) -> maths-standard-2/2021-barker-trial/  (7904 KB)
.maths-standard-2-y12-trial-barker-2022-w-sol: 38 parts (0 answers) -> maths-standard-2/2022-barker-trial/  (7844 KB)
.maths-standard-2-y12-trial-barker-2023-w-sol: 41 parts (0 answers) -> maths-standard-2/2023-barker-trial/  (5026 KB)
.maths-standard-2-y12-trial-barker-2024-w-sol: 31 parts (0 answers) -> maths-standard-2/2024-barker-trial/  (7877 KB)
.maths-standard-2-y12-trial-barker-2025-w-sol: 29 parts (0 answers) -> maths-standard-2/2025-barker-trial/  (5267 KB)
.maths-standard-2-y12-trial-blacktown-boys-2020-w-sol: 95 parts (0 answers) -> maths-standard-2/2020-blacktown-boys-trial/  (15440 KB)
.maths-standard-2-y12-trial-blacktown-boys-2022-w-sol: 46 parts (0 answers) -> maths-standard-2/2022-blacktown-boys-trial/  (5434 KB)
.maths-standard-2-y12-trial-blacktown-boys-2023-w-sol: 44 parts (0 answers) -> maths-standard-2/2023-blacktown-boys-trial/  (9144 KB)
.maths-standard-2-y12-trial-blacktown-boys-2024-w-sol: 48 parts (0 answers) -> maths-standard-2/2024-blacktown-boys-trial/  (5103 KB)
.maths-standard-2-y12-trial-blacktown-boys-2025-w-sol: 23 parts (0 answers) -> maths-standard-2/2025-blacktown-boys-trial/  (4176 KB)
.maths-standard-2-y12-trial-caringbah-2020-w-sol: 59 parts (0 answers) -> maths-standard-2/2020-caringbah-trial/  (10652 KB)
.maths-standard-2-y12-trial-caringbah-2022-w-sol: 48 parts (0 answers) -> maths-standard-2/2022-caringbah-trial/  (11668 KB)
.maths-standard-2-y12-trial-caringbah-2023-w-sol: 83 parts (0 answers) -> maths-standard-2/2023-caringbah-trial/  (33625 KB)
.maths-standard-2-y12-trial-caringbah-2024-w-sol: 74 parts (0 answers) -> maths-standard-2/2024-caringbah-trial/  (16141 KB)
.maths-standard-2-y12-trial-caringbah-2025-w-sol: 84 parts (0 answers) -> maths-standard-2/2025-caringbah-trial/  (26654 KB)
.maths-standard-2-y12-trial-gosford-2022: 43 parts (0 answers) -> maths-standard-2/2022-gosford-trial/  (8963 KB)
.maths-standard-2-y12-trial-gosford-2023-w-sol: 48 parts (0 answers) -> maths-standard-2/2023-gosford-trial/  (7175 KB)
.maths-standard-2-y12-trial-gosford-2024-w-sol: 37 parts (0 answers) -> maths-standard-2/2024-gosford-trial/  (7129 KB)
.maths-standard-2-y12-trial-hills-grammar-2023-w-sol: 87 parts (0 answers) -> maths-standard-2/2023-hills-grammar-trial/  (27940 KB)
.physics-hsc-nesa-2016-hsc-physics-archive: 26 parts (0 answers) -> physics/2016-hsc/  (905 KB)
.physics-hsc-nesa-2017-hsc-physics-archive: 33 parts (0 answers) -> physics/2017-hsc/  (1677 KB)
.physics-hsc-nesa-2018-hsc-physics-archive: 32 parts (0 answers) -> physics/2018-hsc/  (2079 KB)
.physics-hsc-nesa-2019-hsc-physics: 22 parts (0 answers) -> physics/2019-hsc/  (1554 KB)
.physics-hsc-nesa-2020-hsc-physics: 30 parts (0 answers) -> physics/2020-hsc/  (1892 KB)
.physics-hsc-nesa-2021-hsc-physics: 26 parts (0 answers) -> physics/2021-hsc/  (1733 KB)
.physics-hsc-nesa-2022-hsc-physics: 27 parts (0 answers) -> physics/2022-hsc/  (1387 KB)
.physics-hsc-nesa-2023-hsc-physics: 29 parts (0 answers) -> physics/2023-hsc/  (2785 KB)
.physics-hsc-nesa-2024-hsc-physics: 31 parts (0 answers) -> physics/2024-hsc/  (3658 KB)
.physics-hsc-nesa-2025-hsc-physics: 29 parts (0 answers) -> physics/2025-hsc/  (4620 KB)
.physics-hsc-nesa-hsc-physics-sec2-answer-booklet: 4 parts (0 answers) -> physics/unknown-hsc/  (281 KB)
.physics-hsc-nesa-physics-hsc-exam-2014-archive: 26 parts (0 answers) -> physics/2014-hsc/  (1335 KB)
.physics-hsc-nesa-physics-hsc-exam-2015-archive: 25 parts (0 answers) -> physics/2015-hsc/  (1142 KB)
.physics-y11-yearly-baulkham-hills-2009-w-sol: 27 parts (0 answers) -> physics/2009-baulkham-hills-yearly/  (3072 KB)
.physics-y11-yearly-baulkham-hills-2010-w-sol: 17 parts (0 answers) -> physics/2010-baulkham-hills-yearly/  (2573 KB)
.physics-y11-yearly-baulkham-hills-2015-w-sol: 48 parts (0 answers) -> physics/2015-baulkham-hills-yearly/  (15399 KB)
.physics-y11-yearly-baulkham-hills-2016-w-sol: 45 parts (0 answers) -> physics/2016-baulkham-hills-yearly/  (6653 KB)
.physics-y11-yearly-baulkham-hills-2017: 42 parts (0 answers) -> physics/2017-baulkham-hills-yearly/  (3962 KB)
.physics-y11-yearly-baulkham-hills-2018-w-sol: 41 parts (0 answers) -> physics/2018-baulkham-hills-yearly/  (12863 KB)
.physics-y11-yearly-baulkham-hills-2020-w-sol: 25 parts (0 answers) -> physics/2020-baulkham-hills-yearly/  (17473 KB)
.physics-y11-yearly-cranbrook-2000: 63 parts (0 answers) -> physics/2000-cranbrook-yearly/  (2503 KB)
.physics-y11-yearly-fort-st-2022-w-sol: 53 parts (0 answers) -> physics/2022-fort-st-yearly/  (6368 KB)
.physics-y11-yearly-fort-st-2023-w-sol: 39 parts (0 answers) -> physics/2023-fort-st-yearly/  (6715 KB)
.physics-y11-yearly-girraween-2023-w-sol: 44 parts (0 answers) -> physics/2023-girraween-yearly/  (15289 KB)
.physics-y11-yearly-girraween-2024-w-sol: 60 parts (0 answers) -> physics/2024-girraween-yearly/  (48601 KB)
.physics-y11-yearly-gosford-2022-w-sol: 23 parts (0 answers) -> physics/2022-gosford-yearly/  (5020 KB)
.physics-y11-yearly-hornsby-girls-2018-w-sol: 47 parts (0 answers) -> physics/2018-hornsby-girls-yearly/  (4870 KB)
.physics-y11-yearly-hornsby-girls-2019-w-sol: 35 parts (0 answers) -> physics/2019-hornsby-girls-yearly/  (4011 KB)
.physics-y11-yearly-hornsby-girls-2020-w-sol: 52 parts (0 answers) -> physics/2020-hornsby-girls-yearly/  (7186 KB)
.physics-y11-yearly-hornsby-girls-2022-w-sol: 36 parts (0 answers) -> physics/2022-hornsby-girls-yearly/  (6906 KB)
.physics-y11-yearly-hurlstone-2005-w-sol: 41 parts (0 answers) -> physics/2005-hurlstone-yearly/  (3088 KB)
.physics-y11-yearly-hurlstone-2006-w-sol: 50 parts (0 answers) -> physics/2006-hurlstone-yearly/  (4375 KB)
.physics-y11-yearly-hurlstone-2007-w-sol: 35 parts (0 answers) -> physics/2007-hurlstone-yearly/  (2461 KB)
.physics-y11-yearly-hurlstone-2008-w-sol: 30 parts (0 answers) -> physics/2008-hurlstone-yearly/  (1658 KB)
.physics-y11-yearly-hurlstone-2022: 27 parts (0 answers) -> physics/2022-hurlstone-yearly/  (3539 KB)
.physics-y11-yearly-james-ruse-2002: 6 parts (0 answers) -> physics/2002-james-ruse-yearly/  (684 KB)
.physics-y11-yearly-james-ruse-2003: 14 parts (0 answers) -> physics/2003-james-ruse-yearly/  (291 KB)
.physics-y11-yearly-james-ruse-2008: 8 parts (0 answers) -> physics/2008-james-ruse-yearly/  (576 KB)
.physics-y11-yearly-james-ruse-2015-w-sol: 79 parts (0 answers) -> physics/2015-james-ruse-yearly/  (13769 KB)
.physics-y11-yearly-james-ruse-2016-w-sol: 73 parts (0 answers) -> physics/2016-james-ruse-yearly/  (7931 KB)
.physics-y11-yearly-james-ruse-2018-w-sol: 77 parts (0 answers) -> physics/2018-james-ruse-yearly/  (23546 KB)
.physics-y11-yearly-james-ruse-2020-w-sol: 38 parts (0 answers) -> physics/2020-james-ruse-yearly/  (8602 KB)
.physics-y11-yearly-manly-2015-w-sol: 37 parts (0 answers) -> physics/2015-manly-yearly/  (8458 KB)
.physics-y11-yearly-manly-2016-w-sol: 37 parts (0 answers) -> physics/2016-manly-yearly/  (7620 KB)
.physics-y11-yearly-manly-2018-w-sol: 48 parts (0 answers) -> physics/2018-manly-yearly/  (6549 KB)
.physics-y11-yearly-normanhurst-boys-2019-w-sol: 50 parts (0 answers) -> physics/2019-normanhurst-boys-yearly/  (11968 KB)
.physics-y11-yearly-penrith-2022-w-sol: 32 parts (0 answers) -> physics/2022-penrith-yearly/  (4931 KB)
.physics-y11-yearly-penrith-2023: 23 parts (0 answers) -> physics/2023-penrith-yearly/  (3221 KB)
.physics-y11-yearly-pymble-2005-w-sol: 76 parts (0 answers) -> physics/2005-pymble-yearly/  (3505 KB)
.physics-y11-yearly-pymble-2024-w-sol: 45 parts (0 answers) -> physics/2024-pymble-yearly/  (7456 KB)
.physics-y11-yearly-riverview-2024: 30 parts (0 answers) -> physics/2024-riverview-yearly/  (3742 KB)
.physics-y11-yearly-sydney-boys-2018-w-sol: 44 parts (0 answers) -> physics/2018-sydney-boys-yearly/  (4249 KB)
.physics-y11-yearly-sydney-boys-2019-w-sol: 34 parts (0 answers) -> physics/2019-sydney-boys-yearly/  (4649 KB)
.physics-y12-hsc-2001-hsc: 54 parts (0 answers) -> physics/2001-hsc/  (1335 KB)
.physics-y12-hsc-2002-hsc: 60 parts (0 answers) -> physics/2002-hsc/  (1644 KB)
.physics-y12-hsc-2003-hsc: 66 parts (0 answers) -> physics/2003-hsc/  (2158 KB)
.physics-y12-hsc-2004-hsc: 54 parts (0 answers) -> physics/2004-hsc/  (1577 KB)
.physics-y12-hsc-2005-hsc: 73 parts (0 answers) -> physics/2005-hsc/  (1915 KB)
.physics-y12-hsc-2006-hsc: 71 parts (0 answers) -> physics/2006-hsc/  (2225 KB)
.physics-y12-hsc-2007-hsc: 70 parts (0 answers) -> physics/2007-hsc/  (4609 KB)
.physics-y12-hsc-2008-hsc: 59 parts (0 answers) -> physics/2008-hsc/  (4118 KB)
.physics-y12-hsc-2009-hsc: 53 parts (0 answers) -> physics/2009-hsc/  (2209 KB)
.physics-y12-hsc-2009-sample-answers: 0 parts (0 answers) -> physics/2009-hsc/  (0 KB)
.physics-y12-hsc-2010-hsc: 29 parts (0 answers) -> physics/2010-hsc/  (1727 KB)
.physics-y12-hsc-2010-sample-answers: 0 parts (0 answers) -> physics/2010-hsc/  (0 KB)
.physics-y12-hsc-2011-hsc: 37 parts (0 answers) -> physics/2011-hsc/  (2460 KB)
.physics-y12-hsc-2011-sample-answers: 0 parts (0 answers) -> physics/2011-hsc/  (0 KB)
.physics-y12-hsc-2012-hsc: 34 parts (0 answers) -> physics/2012-hsc/  (2317 KB)
.physics-y12-hsc-2012-sample-answers: 0 parts (0 answers) -> physics/2012-hsc/  (0 KB)
.physics-y12-hsc-2013-hsc: 29 parts (0 answers) -> physics/2013-hsc/  (1121 KB)
.physics-y12-hsc-2014-hsc: 26 parts (0 answers) -> physics/2014-hsc/  (1335 KB)
.physics-y12-hsc-2015-hsc: 25 parts (0 answers) -> physics/2015-hsc/  (1142 KB)
.physics-y12-trial-abbotsleigh-2023-w-sol: 41 parts (0 answers) -> physics/2023-abbotsleigh-trial/  (11518 KB)
.physics-y12-trial-abbotsleigh-2025: 21 parts (0 answers) -> physics/2025-abbotsleigh-trial/  (3544 KB)
.physics-y12-trial-ascham-2001: 30 parts (0 answers) -> physics/2001-ascham-trial/  (1779 KB)
.physics-y12-trial-ascham-2002: 40 parts (0 answers) -> physics/2002-ascham-trial/  (419 KB)
.physics-y12-trial-ascham-2008: 19 parts (0 answers) -> physics/2008-ascham-trial/  (4410 KB)
.physics-y12-trial-ascham-2013-w-sol: 55 parts (0 answers) -> physics/2013-ascham-trial/  (3415 KB)
.physics-y12-trial-ascham-2014-w-sol: 28 parts (0 answers) -> physics/2014-ascham-trial/  (10456 KB)
.physics-y12-trial-ascham-2015: 30 parts (0 answers) -> physics/2015-ascham-trial/  (10321 KB)
.physics-y12-trial-ascham-2016-w-sol: 43 parts (0 answers) -> physics/2016-ascham-trial/  (14899 KB)
.physics-y12-trial-ascham-2024: 38 parts (0 answers) -> physics/2024-ascham-trial/  (6866 KB)
.physics-y12-trial-barker-2001: 18 parts (0 answers) -> physics/2001-barker-trial/  (132 KB)
.physics-y12-trial-barker-2003: 22 parts (0 answers) -> physics/2003-barker-trial/  (3004 KB)
.physics-y12-trial-barker-2020-w-sol: 69 parts (0 answers) -> physics/2020-barker-trial/  (8791 KB)
.physics-y12-trial-barker-2021: 22 parts (0 answers) -> physics/2021-barker-trial/  (4929 KB)
.physics-y12-trial-baulkham-hills-2002: 29 parts (0 answers) -> physics/2002-baulkham-hills-trial/  (3013 KB)
.physics-y12-trial-baulkham-hills-2010-w-sol: 28 parts (0 answers) -> physics/2010-baulkham-hills-trial/  (1620 KB)
.physics-y12-trial-baulkham-hills-2011-w-sol: 18 parts (0 answers) -> physics/2011-baulkham-hills-trial/  (2436 KB)
.physics-y12-trial-baulkham-hills-2021-w-sol: 38 parts (0 answers) -> physics/2021-baulkham-hills-trial/  (3184 KB)
.physics-y12-trial-caringbah-2009: 32 parts (0 answers) -> physics/2009-caringbah-trial/  (12906 KB)
.physics-y12-trial-caringbah-2010: 38 parts (0 answers) -> physics/2010-caringbah-trial/  (8668 KB)
.physics-y12-trial-caringbah-2011: 33 parts (0 answers) -> physics/2011-caringbah-trial/  (8877 KB)
.physics-y12-trial-caringbah-2012: 23 parts (0 answers) -> physics/2012-caringbah-trial/  (8368 KB)
.physics-y12-trial-caringbah-2013: 22 parts (0 answers) -> physics/2013-caringbah-trial/  (6245 KB)
.physics-y12-trial-caringbah-2014: 12 parts (0 answers) -> physics/2014-caringbah-trial/  (1545 KB)
.physics-y12-trial-caringbah-2017-w-sol: 14 parts (0 answers) -> physics/2017-caringbah-trial/  (2847 KB)
.physics-y12-trial-caringbah-2020-w-sol: 16 parts (0 answers) -> physics/2020-caringbah-trial/  (2986 KB)
.physics-y12-trial-caringbah-2022: 11 parts (0 answers) -> physics/2022-caringbah-trial/  (2199 KB)
.physics-y12-trial-caringbah-2023-w-sol: 6 parts (0 answers) -> physics/2023-caringbah-trial/  (1522 KB)
.physics-y12-trial-cheltenham-girls-2001: 44 parts (0 answers) -> physics/2001-cheltenham-girls-trial/  (3192 KB)
.physics-y12-trial-cheltenham-girls-2002: 46 parts (0 answers) -> physics/2002-cheltenham-girls-trial/  (2882 KB)
.physics-y12-trial-cheltenham-girls-2008-w-sol: 58 parts (0 answers) -> physics/2008-cheltenham-girls-trial/  (919 KB)
.physics-y12-trial-cheltenham-girls-2009-w-sol: 50 parts (0 answers) -> physics/2009-cheltenham-girls-trial/  (946 KB)
.physics-y12-trial-cheltenham-girls-2010-w-sol: 43 parts (0 answers) -> physics/2010-cheltenham-girls-trial/  (483 KB)
.physics-y12-trial-cheltenham-girls-2011-w-sol: 29 parts (0 answers) -> physics/2011-cheltenham-girls-trial/  (3193 KB)
.physics-y12-trial-cherrybrook-tech-2019: 33 parts (0 answers) -> physics/2019-cherrybrook-tech-trial/  (4192 KB)
.physics-y12-trial-cherrybrook-tech-2025-w-sol: 43 parts (0 answers) -> physics/2025-cherrybrook-tech-trial/  (8770 KB)
.physics-y12-trial-cranbrook-2001-w-sol: 23 parts (0 answers) -> physics/2001-cranbrook-trial/  (2226 KB)
.physics-y12-trial-cranbrook-2002: 30 parts (0 answers) -> physics/2002-cranbrook-trial/  (3628 KB)
.physics-y12-trial-cranbrook-2003: 16 parts (0 answers) -> physics/2003-cranbrook-trial/  (2000 KB)
.physics-y12-trial-cranbrook-2012: 29 parts (0 answers) -> physics/2012-cranbrook-trial/  (2581 KB)
.physics-y12-trial-fort-st-2005: 20 parts (0 answers) -> physics/2005-fort-st-trial/  (1675 KB)
.physics-y12-trial-girraween-2011-w-sol: 36 parts (0 answers) -> physics/2011-girraween-trial/  (2707 KB)
.physics-y12-trial-girraween-2012-w-sol: 49 parts (0 answers) -> physics/2012-girraween-trial/  (3877 KB)
.physics-y12-trial-girraween-2013-w-sol: 35 parts (0 answers) -> physics/2013-girraween-trial/  (7285 KB)
.physics-y12-trial-girraween-2014-w-sol: 53 parts (0 answers) -> physics/2014-girraween-trial/  (6364 KB)
.physics-y12-trial-girraween-2015-w-sol: 90 parts (0 answers) -> physics/2015-girraween-trial/  (8617 KB)
.physics-y12-trial-girraween-2016-w-sol: 66 parts (0 answers) -> physics/2016-girraween-trial/  (6576 KB)
.physics-y12-trial-girraween-2017: 52 parts (0 answers) -> physics/2017-girraween-trial/  (2728 KB)
.REBAKE DONE
