paperId: english-y12-trial-p1-abbotsleigh-2019-p1  subject: english
  17 pages @ 110dpi -> papers/_work/english-y12-trial-p1-abbotsleigh-2019-p1  (born-digital, 17/17 text)
paperId: english-y12-trial-p1-abbotsleigh-2020-p1  subject: english
  29 pages @ 110dpi -> papers/_work/english-y12-trial-p1-abbotsleigh-2020-p1  (born-digital, 29/29 text)
paperId: english-y12-trial-p1-abbotsleigh-2021-p1  subject: english
  16 pages @ 110dpi -> papers/_work/english-y12-trial-p1-abbotsleigh-2021-p1  (born-digital, 16/16 text)
paperId: english-y12-trial-p1-abbotsleigh-2022-p1  subject: english
  16 pages @ 110dpi -> papers/_work/english-y12-trial-p1-abbotsleigh-2022-p1  (born-digital, 16/16 text)
paperId: english-y12-trial-p1-abbotsleigh-2023-p1  subject: english
  16 pages @ 110dpi -> papers/_work/english-y12-trial-p1-abbotsleigh-2023-p1  (born-digital, 16/16 text)
paperId: english-y12-trial-p1-abbotsleigh-2024-p1  subject: english
  16 pages @ 110dpi -> papers/_work/english-y12-trial-p1-abbotsleigh-2024-p1  (born-digital, 16/16 text)
paperId: english-y12-trial-p1-abbotsleigh-2025-p1  subject: english
  16 pages @ 110dpi -> papers/_work/english-y12-trial-p1-abbotsleigh-2025-p1  (born-digital, 16/16 text)
paperId: english-y12-trial-p1-ascham-2019-p1  subject: english
  24 pages @ 110dpi -> papers/_work/english-y12-trial-p1-ascham-2019-p1  (born-digital, 24/24 text)
paperId: english-y12-trial-p1-ascham-2022-p1  subject: english
  23 pages @ 110dpi -> papers/_work/english-y12-trial-p1-ascham-2022-p1  (born-digital, 23/23 text)
paperId: english-y12-trial-p1-ascham-2023-p1  subject: english
  22 pages @ 110dpi -> papers/_work/english-y12-trial-p1-ascham-2023-p1  (born-digital, 22/22 text)
paperId: english-y12-trial-p1-barker-2019-p1  subject: english
  20 pages @ 110dpi -> papers/_work/english-y12-trial-p1-barker-2019-p1  (born-digital, 20/20 text)
paperId: english-y12-trial-p2-adv-abbotsleigh-2010-p2-adv  subject: english
  13 pages @ 110dpi -> papers/_work/english-y12-trial-p2-adv-abbotsleigh-2010-p2-adv  (SCANNED, 0/13 text)
paperId: english-y12-trial-p2-adv-abbotsleigh-2012-p2-adv  subject: english
  13 pages @ 110dpi -> papers/_work/english-y12-trial-p2-adv-abbotsleigh-2012-p2-adv  (born-digital, 13/13 text)
paperId: english-y12-trial-p2-adv-abbotsleigh-2019-p2-adv  subject: english
  9 pages @ 110dpi -> papers/_work/english-y12-trial-p2-adv-abbotsleigh-2019-p2-adv  (born-digital, 9/9 text)
paperId: english-y12-trial-p2-adv-abbotsleigh-2021-p2-adv  subject: english
  8 pages @ 110dpi -> papers/_work/english-y12-trial-p2-adv-abbotsleigh-2021-p2-adv  (born-digital, 8/8 text)
paperId: english-y12-trial-p2-std-ascham-2021-p2-std  subject: english
  12 pages @ 110dpi -> papers/_work/english-y12-trial-p2-std-ascham-2021-p2-std  (born-digital, 12/12 text)
paperId: english-y12-trial-p2-std-asquith-girls-2001-p2-std  subject: english
  8 pages @ 110dpi -> papers/_work/english-y12-trial-p2-std-asquith-girls-2001-p2-std  (SCANNED, 0/8 text)
paperId: english-y12-trial-p2-std-barker-2022-p2-std  subject: english
  8 pages @ 110dpi -> papers/_work/english-y12-trial-p2-std-barker-2022-p2-std  (born-digital, 8/8 text)
paperId: english-y12-trial-p2-std-cheltenham-girls-2022-p2-std  subject: english
  8 pages @ 110dpi -> papers/_work/english-y12-trial-p2-std-cheltenham-girls-2022-p2-std  (born-digital, 8/8 text)
paperId: english-y12-trial-p2-std-cranbrook-2020-p2-std  subject: english
  8 pages @ 110dpi -> papers/_work/english-y12-trial-p2-std-cranbrook-2020-p2-std  (born-digital, 8/8 text)
paperId: english-y12-trial-p2-std-hurlstone-2011-p2-std  subject: english
  4 pages @ 110dpi -> papers/_work/english-y12-trial-p2-std-hurlstone-2011-p2-std  (born-digital, 4/4 text)
paperId: english-y12-trial-p2-std-killara-2019-p2-std  subject: english
  4 pages @ 110dpi -> papers/_work/english-y12-trial-p2-std-killara-2019-p2-std  (SCANNED, 0/4 text)
paperId: english-y12-trial-p2-std-killara-2020-p2-std  subject: english
  4 pages @ 110dpi -> papers/_work/english-y12-trial-p2-std-killara-2020-p2-std  (born-digital, 4/4 text)
paperId: english-y12-trial-p2-std-killara-2021-p2-std  subject: english
  4 pages @ 110dpi -> papers/_work/english-y12-trial-p2-std-killara-2021-p2-std  (born-digital, 4/4 text)
paperId: english-y12-trial-p2-std-knox-2021-p2-std  subject: english
  11 pages @ 110dpi -> papers/_work/english-y12-trial-p2-std-knox-2021-p2-std  (born-digital, 11/11 text)
paperId: english-y12-trial-p2-std-newington-2021-p2-std  subject: english
  11 pages @ 110dpi -> papers/_work/english-y12-trial-p2-std-newington-2021-p2-std  (born-digital, 11/11 text)
paperId: english-extension-1-y12-trial-abbotsleigh-2012  subject: english-extension-1
  12 pages @ 110dpi -> papers/_work/english-extension-1-y12-trial-abbotsleigh-2012  (born-digital, 12/12 text)
paperId: english-extension-1-y12-trial-abbotsleigh-2022  subject: english-extension-1
  11 pages @ 110dpi -> papers/_work/english-extension-1-y12-trial-abbotsleigh-2022  (born-digital, 11/11 text)
paperId: english-extension-1-y12-trial-abbotsleigh-2025  subject: english-extension-1
  8 pages @ 110dpi -> papers/_work/english-extension-1-y12-trial-abbotsleigh-2025  (born-digital, 8/8 text)
paperId: english-extension-1-y12-trial-ascham-2012  subject: english-extension-1
  9 pages @ 110dpi -> papers/_work/english-extension-1-y12-trial-ascham-2012  (born-digital, 9/9 text)
paperId: english-extension-1-y12-trial-barker-2012  subject: english-extension-1
  14 pages @ 110dpi -> papers/_work/english-extension-1-y12-trial-barker-2012  (born-digital, 14/14 text)
paperId: maths-accelerated-y11-yearly-sydney-boys-2005-w-sol  subject: maths-accelerated
  15 pages @ 110dpi -> papers/_work/maths-accelerated-y11-yearly-sydney-boys-2005-w-sol  (born-digital, 14/15 text)
paperId: maths-accelerated-y11-yearly-sydney-boys-2006-w-sol  subject: maths-accelerated
  15 pages @ 110dpi -> papers/_work/maths-accelerated-y11-yearly-sydney-boys-2006-w-sol  (SCANNED, 0/15 text)
paperId: maths-accelerated-y11-yearly-sydney-boys-2007-w-sol  subject: maths-accelerated
  17 pages @ 110dpi -> papers/_work/maths-accelerated-y11-yearly-sydney-boys-2007-w-sol  (SCANNED, 6/17 text)
paperId: maths-accelerated-y11-yearly-sydney-boys-2008-w-sol  subject: maths-accelerated
  16 pages @ 110dpi -> papers/_work/maths-accelerated-y11-yearly-sydney-boys-2008-w-sol  (SCANNED, 7/16 text)
paperId: maths-accelerated-y11-yearly-sydney-boys-2009-w-sol  subject: maths-accelerated
  22 pages @ 110dpi -> papers/_work/maths-accelerated-y11-yearly-sydney-boys-2009-w-sol  (SCANNED, 8/22 text)
paperId: maths-accelerated-y11-yearly-sydney-boys-2010-w-sol  subject: maths-accelerated
  21 pages @ 110dpi -> papers/_work/maths-accelerated-y11-yearly-sydney-boys-2010-w-sol  (SCANNED, 8/21 text)
paperId: maths-accelerated-y11-yearly-sydney-boys-2011-w-sol  subject: maths-accelerated
  22 pages @ 110dpi -> papers/_work/maths-accelerated-y11-yearly-sydney-boys-2011-w-sol  (born-digital, 11/22 text)
paperId: maths-accelerated-y11-yearly-sydney-boys-2012-w-sol  subject: maths-accelerated
  19 pages @ 110dpi -> papers/_work/maths-accelerated-y11-yearly-sydney-boys-2012-w-sol  (SCANNED, 0/19 text)
paperId: maths-accelerated-y11-yearly-sydney-boys-2013-w-sol  subject: maths-accelerated
  27 pages @ 110dpi -> papers/_work/maths-accelerated-y11-yearly-sydney-boys-2013-w-sol  (SCANNED, 11/27 text)
paperId: maths-accelerated-y11-yearly-sydney-boys-2014-w-sol  subject: maths-accelerated
  35 pages @ 110dpi -> papers/_work/maths-accelerated-y11-yearly-sydney-boys-2014-w-sol  (born-digital, 21/35 text)
paperId: maths-accelerated-y11-yearly-sydney-boys-2015-w-sol  subject: maths-accelerated
  34 pages @ 110dpi -> papers/_work/maths-accelerated-y11-yearly-sydney-boys-2015-w-sol  (born-digital, 32/34 text)
paperId: maths-accelerated-y11-yearly-sydney-boys-2016-w-sol  subject: maths-accelerated
  35 pages @ 110dpi -> papers/_work/maths-accelerated-y11-yearly-sydney-boys-2016-w-sol  (born-digital, 29/35 text)
paperId: maths-extension-2-y12-hsc-1967-hsc  subject: maths-extension-2
  3 pages @ 110dpi -> papers/_work/maths-extension-2-y12-hsc-1967-hsc  (born-digital, 3/3 text)
paperId: maths-extension-2-y12-hsc-1968-hsc  subject: maths-extension-2
  4 pages @ 110dpi -> papers/_work/maths-extension-2-y12-hsc-1968-hsc  (born-digital, 4/4 text)
paperId: maths-extension-2-y12-hsc-1969-hsc  subject: maths-extension-2
  3 pages @ 110dpi -> papers/_work/maths-extension-2-y12-hsc-1969-hsc  (born-digital, 3/3 text)
paperId: maths-extension-2-y12-hsc-1970-hsc  subject: maths-extension-2
  3 pages @ 110dpi -> papers/_work/maths-extension-2-y12-hsc-1970-hsc  (born-digital, 3/3 text)
paperId: maths-extension-2-y12-hsc-1971-hsc  subject: maths-extension-2
  3 pages @ 110dpi -> papers/_work/maths-extension-2-y12-hsc-1971-hsc  (born-digital, 3/3 text)
paperId: maths-extension-2-y12-hsc-1972-hsc  subject: maths-extension-2
  3 pages @ 110dpi -> papers/_work/maths-extension-2-y12-hsc-1972-hsc  (born-digital, 3/3 text)
paperId: maths-extension-2-y12-hsc-1973-hsc  subject: maths-extension-2
  4 pages @ 110dpi -> papers/_work/maths-extension-2-y12-hsc-1973-hsc  (born-digital, 4/4 text)
paperId: maths-extension-2-y12-hsc-1974-hsc  subject: maths-extension-2
  3 pages @ 110dpi -> papers/_work/maths-extension-2-y12-hsc-1974-hsc  (born-digital, 3/3 text)
paperId: maths-extension-2-y12-trial-abbotsleigh-1999-w-sol  subject: maths-extension-2
  12 pages @ 110dpi -> papers/_work/maths-extension-2-y12-trial-abbotsleigh-1999-w-sol  (SCANNED, 0/12 text)
paperId: maths-extension-2-y12-trial-abbotsleigh-2001-w-sol  subject: maths-extension-2
  9 pages @ 110dpi -> papers/_work/maths-extension-2-y12-trial-abbotsleigh-2001-w-sol  (SCANNED, 0/9 text)
paperId: maths-extension-2-y12-trial-abbotsleigh-2002-w-sol  subject: maths-extension-2
  8 pages @ 110dpi -> papers/_work/maths-extension-2-y12-trial-abbotsleigh-2002-w-sol  (SCANNED, 0/8 text)
paperId: maths-extension-2-y12-trial-abbotsleigh-2003  subject: maths-extension-2
  4 pages @ 110dpi -> papers/_work/maths-extension-2-y12-trial-abbotsleigh-2003  (SCANNED, 0/4 text)
paperId: maths-extension-2-y12-trial-abbotsleigh-2004  subject: maths-extension-2
  5 pages @ 110dpi -> papers/_work/maths-extension-2-y12-trial-abbotsleigh-2004  (SCANNED, 0/5 text)
paperId: maths-extension-2-y12-trial-abbotsleigh-2007-w-sol  subject: maths-extension-2
  18 pages @ 110dpi -> papers/_work/maths-extension-2-y12-trial-abbotsleigh-2007-w-sol  (born-digital, 10/18 text)
paperId: maths-extension-2-y12-trial-abbotsleigh-2008-w-sol  subject: maths-extension-2
  23 pages @ 110dpi -> papers/_work/maths-extension-2-y12-trial-abbotsleigh-2008-w-sol  (born-digital, 23/23 text)
paperId: maths-extension-2-y12-trial-abbotsleigh-2010-w-sol  subject: maths-extension-2
  18 pages @ 110dpi -> papers/_work/maths-extension-2-y12-trial-abbotsleigh-2010-w-sol  (born-digital, 10/18 text)
paperId: maths-extension-2-y12-trial-abbotsleigh-2011-w-sol  subject: maths-extension-2
  22 pages @ 110dpi -> papers/_work/maths-extension-2-y12-trial-abbotsleigh-2011-w-sol  (born-digital, 12/22 text)
paperId: maths-extension-2-y12-trial-abbotsleigh-2016-w-sol  subject: maths-extension-2
  33 pages @ 110dpi -> papers/_work/maths-extension-2-y12-trial-abbotsleigh-2016-w-sol  (born-digital, 33/33 text)
paperId: maths-standard-2-y11-yearly-cherrybrook-tech-2001  subject: maths-standard-2
  5 pages @ 110dpi -> papers/_work/maths-standard-2-y11-yearly-cherrybrook-tech-2001  (SCANNED, 0/5 text)
paperId: maths-standard-2-y11-yearly-cherrybrook-tech-2002-w-sol  subject: maths-standard-2
  14 pages @ 110dpi -> papers/_work/maths-standard-2-y11-yearly-cherrybrook-tech-2002-w-sol  (SCANNED, 0/14 text)
paperId: maths-standard-2-y11-yearly-cherrybrook-tech-2016-w-sol  subject: maths-standard-2
  51 pages @ 110dpi -> papers/_work/maths-standard-2-y11-yearly-cherrybrook-tech-2016-w-sol  (born-digital, 26/51 text)
paperId: maths-standard-2-y11-yearly-cherrybrook-tech-2018-w-sol  subject: maths-standard-2
  41 pages @ 110dpi -> papers/_work/maths-standard-2-y11-yearly-cherrybrook-tech-2018-w-sol  (born-digital, 23/41 text)
paperId: maths-standard-2-y11-yearly-cherrybrook-tech-2019-w-sol  subject: maths-standard-2
  43 pages @ 110dpi -> papers/_work/maths-standard-2-y11-yearly-cherrybrook-tech-2019-w-sol  (born-digital, 23/43 text)
paperId: maths-standard-2-y11-yearly-epping-boys-2005  subject: maths-standard-2
  14 pages @ 110dpi -> papers/_work/maths-standard-2-y11-yearly-epping-boys-2005  (SCANNED, 0/14 text)
paperId: maths-standard-2-y11-yearly-epping-boys-2006-w-sol  subject: maths-standard-2
  16 pages @ 110dpi -> papers/_work/maths-standard-2-y11-yearly-epping-boys-2006-w-sol  (SCANNED, 0/16 text)
paperId: maths-standard-2-y11-yearly-epping-boys-2009-w-sol  subject: maths-standard-2
  20 pages @ 110dpi -> papers/_work/maths-standard-2-y11-yearly-epping-boys-2009-w-sol  (born-digital, 20/20 text)
paperId: maths-standard-2-y11-yearly-kings-2016-w-sol  subject: maths-standard-2
  35 pages @ 110dpi -> papers/_work/maths-standard-2-y11-yearly-kings-2016-w-sol  (SCANNED, 0/35 text)
paperId: maths-standard-2-y11-yearly-kings-2017-w-sol  subject: maths-standard-2
  29 pages @ 110dpi -> papers/_work/maths-standard-2-y11-yearly-kings-2017-w-sol  (born-digital, 29/29 text)
paperId: maths-standard-2-y11-yearly-kings-2018-w-sol  subject: maths-standard-2
  33 pages @ 110dpi -> papers/_work/maths-standard-2-y11-yearly-kings-2018-w-sol  (born-digital, 30/33 text)
paperId: maths-standard-2-y12-hsc-2001-hsc  subject: maths-standard-2
  32 pages @ 110dpi -> papers/_work/maths-standard-2-y12-hsc-2001-hsc  (born-digital, 32/32 text)
paperId: maths-standard-2-y12-trial-abbotsleigh-2020-w-sol  subject: maths-standard-2
  84 pages @ 110dpi -> papers/_work/maths-standard-2-y12-trial-abbotsleigh-2020-w-sol  (born-digital, 42/84 text)
paperId: maths-standard-2-y12-trial-abbotsleigh-2021  subject: maths-standard-2
  42 pages @ 110dpi -> papers/_work/maths-standard-2-y12-trial-abbotsleigh-2021  (born-digital, 42/42 text)
paperId: maths-standard-2-y12-trial-abbotsleigh-2023-w-sol  subject: maths-standard-2
  67 pages @ 110dpi -> papers/_work/maths-standard-2-y12-trial-abbotsleigh-2023-w-sol  (born-digital, 67/67 text)
paperId: maths-standard-2-y12-trial-abbotsleigh-2024-w-sol  subject: maths-standard-2
  66 pages @ 110dpi -> papers/_work/maths-standard-2-y12-trial-abbotsleigh-2024-w-sol  (SCANNED, 0/66 text)
paperId: maths-standard-2-y12-trial-abbotsleigh-2025  subject: maths-standard-2
  42 pages @ 110dpi -> papers/_work/maths-standard-2-y12-trial-abbotsleigh-2025  (born-digital, 42/42 text)
paperId: maths-standard-2-y12-trial-ascham-2019-w-sol  subject: maths-standard-2
  47 pages @ 110dpi -> papers/_work/maths-standard-2-y12-trial-ascham-2019-w-sol  (SCANNED, 21/47 text)
paperId: maths-standard-2-y12-trial-ascham-2020  subject: maths-standard-2
  28 pages @ 110dpi -> papers/_work/maths-standard-2-y12-trial-ascham-2020  (born-digital, 28/28 text)
paperId: maths-standard-2-y12-trial-ascham-2021-w-sol  subject: maths-standard-2
  58 pages @ 110dpi -> papers/_work/maths-standard-2-y12-trial-ascham-2021-w-sol  (born-digital, 58/58 text)
paperId: physics-y11-yearly-baulkham-hills-2009-w-sol  subject: physics
  22 pages @ 110dpi -> papers/_work/physics-y11-yearly-baulkham-hills-2009-w-sol  (SCANNED, 0/22 text)
paperId: physics-y11-yearly-baulkham-hills-2010-w-sol  subject: physics
  14 pages @ 110dpi -> papers/_work/physics-y11-yearly-baulkham-hills-2010-w-sol  (SCANNED, 0/14 text)
paperId: physics-y11-yearly-baulkham-hills-2015-w-sol  subject: physics
  31 pages @ 110dpi -> papers/_work/physics-y11-yearly-baulkham-hills-2015-w-sol  (born-digital, 23/31 text)
paperId: physics-y11-yearly-baulkham-hills-2016-w-sol  subject: physics
  29 pages @ 110dpi -> papers/_work/physics-y11-yearly-baulkham-hills-2016-w-sol  (born-digital, 22/29 text)
paperId: physics-y11-yearly-baulkham-hills-2017  subject: physics
  24 pages @ 110dpi -> papers/_work/physics-y11-yearly-baulkham-hills-2017  (born-digital, 24/24 text)
paperId: physics-y11-yearly-baulkham-hills-2018-w-sol  subject: physics
  28 pages @ 110dpi -> papers/_work/physics-y11-yearly-baulkham-hills-2018-w-sol  (SCANNED, 1/28 text)
paperId: physics-y11-yearly-baulkham-hills-2020-w-sol  subject: physics
  30 pages @ 110dpi -> papers/_work/physics-y11-yearly-baulkham-hills-2020-w-sol  (born-digital, 24/30 text)
paperId: physics-y11-yearly-cranbrook-2000  subject: physics
  7 pages @ 110dpi -> papers/_work/physics-y11-yearly-cranbrook-2000  (born-digital, 7/7 text)
paperId: physics-y11-yearly-fort-st-2022-w-sol  subject: physics
  38 pages @ 110dpi -> papers/_work/physics-y11-yearly-fort-st-2022-w-sol  (born-digital, 37/38 text)
paperId: physics-y11-yearly-fort-st-2023-w-sol  subject: physics
  38 pages @ 110dpi -> papers/_work/physics-y11-yearly-fort-st-2023-w-sol  (born-digital, 38/38 text)
paperId: physics-y11-yearly-girraween-2023-w-sol  subject: physics
  43 pages @ 110dpi -> papers/_work/physics-y11-yearly-girraween-2023-w-sol  (born-digital, 43/43 text)
paperId: physics-y11-yearly-girraween-2024-w-sol  subject: physics
  40 pages @ 110dpi -> papers/_work/physics-y11-yearly-girraween-2024-w-sol  (born-digital, 40/40 text)
paperId: physics-y11-yearly-gosford-2022-w-sol  subject: physics
  30 pages @ 110dpi -> papers/_work/physics-y11-yearly-gosford-2022-w-sol  (born-digital, 25/30 text)
paperId: physics-y11-yearly-hornsby-girls-2018-w-sol  subject: physics
  50 pages @ 110dpi -> papers/_work/physics-y11-yearly-hornsby-girls-2018-w-sol  (born-digital, 28/50 text)
paperId: physics-y12-hsc-2001-hsc  subject: physics
  36 pages @ 110dpi -> papers/_work/physics-y12-hsc-2001-hsc  (born-digital, 36/36 text)
paperId: physics-y12-hsc-2002-hsc  subject: physics
  42 pages @ 110dpi -> papers/_work/physics-y12-hsc-2002-hsc  (born-digital, 42/42 text)
paperId: physics-y12-hsc-2003-hsc  subject: physics
  48 pages @ 110dpi -> papers/_work/physics-y12-hsc-2003-hsc  (born-digital, 48/48 text)
paperId: physics-y12-hsc-2004-hsc  subject: physics
  42 pages @ 110dpi -> papers/_work/physics-y12-hsc-2004-hsc  (born-digital, 42/42 text)
paperId: physics-y12-hsc-2005-hsc  subject: physics
  48 pages @ 110dpi -> papers/_work/physics-y12-hsc-2005-hsc  (born-digital, 48/48 text)
paperId: physics-y12-hsc-2006-hsc  subject: physics
  48 pages @ 110dpi -> papers/_work/physics-y12-hsc-2006-hsc  (born-digital, 48/48 text)
paperId: physics-y12-hsc-2007-hsc  subject: physics
  46 pages @ 110dpi -> papers/_work/physics-y12-hsc-2007-hsc  (born-digital, 46/46 text)
paperId: physics-y12-hsc-2008-hsc  subject: physics
  38 pages @ 110dpi -> papers/_work/physics-y12-hsc-2008-hsc  (born-digital, 38/38 text)
paperId: physics-y12-hsc-2009-hsc  subject: physics
  38 pages @ 110dpi -> papers/_work/physics-y12-hsc-2009-hsc  (born-digital, 38/38 text)
paperId: physics-y12-hsc-2009-sample-answers  subject: physics
  24 pages @ 110dpi -> papers/_work/physics-y12-hsc-2009-sample-answers  (born-digital, 24/24 text)
paperId: physics-y12-hsc-2010-hsc  subject: physics
  42 pages @ 110dpi -> papers/_work/physics-y12-hsc-2010-hsc  (born-digital, 42/42 text)
paperId: physics-y12-hsc-2010-sample-answers  subject: physics
  20 pages @ 110dpi -> papers/_work/physics-y12-hsc-2010-sample-answers  (born-digital, 20/20 text)
paperId: physics-y12-hsc-2011-hsc  subject: physics
  42 pages @ 110dpi -> papers/_work/physics-y12-hsc-2011-hsc  (born-digital, 42/42 text)
paperId: physics-y12-hsc-2011-sample-answers  subject: physics
  17 pages @ 110dpi -> papers/_work/physics-y12-hsc-2011-sample-answers  (born-digital, 17/17 text)
paperId: physics-y12-hsc-2012-hsc  subject: physics
  44 pages @ 110dpi -> papers/_work/physics-y12-hsc-2012-hsc  (born-digital, 44/44 text)
paperId: physics-y12-hsc-2012-sample-answers  subject: physics
  22 pages @ 110dpi -> papers/_work/physics-y12-hsc-2012-sample-answers  (born-digital, 22/22 text)
paperId: physics-y12-hsc-2013-hsc  subject: physics
  44 pages @ 110dpi -> papers/_work/physics-y12-hsc-2013-hsc  (born-digital, 44/44 text)
paperId: physics-y12-hsc-2014-hsc  subject: physics
  44 pages @ 110dpi -> papers/_work/physics-y12-hsc-2014-hsc  (born-digital, 44/44 text)
paperId: physics-y12-hsc-2015-hsc  subject: physics
  44 pages @ 110dpi -> papers/_work/physics-y12-hsc-2015-hsc  (born-digital, 44/44 text)
paperId: physics-y12-trial-abbotsleigh-2023-w-sol  subject: physics
  35 pages @ 110dpi -> papers/_work/physics-y12-trial-abbotsleigh-2023-w-sol  (born-digital, 35/35 text)
paperId: physics-y12-trial-abbotsleigh-2025  subject: physics
  37 pages @ 110dpi -> papers/_work/physics-y12-trial-abbotsleigh-2025  (SCANNED, 0/37 text)
paperId: physics-y12-trial-ascham-2001  subject: physics
  21 pages @ 110dpi -> papers/_work/physics-y12-trial-ascham-2001  (born-digital, 21/21 text)
paperId: physics-y12-trial-ascham-2002  subject: physics
  24 pages @ 110dpi -> papers/_work/physics-y12-trial-ascham-2002  (born-digital, 24/24 text)
paperId: physics-y12-trial-ascham-2008  subject: physics
  30 pages @ 110dpi -> papers/_work/physics-y12-trial-ascham-2008  (born-digital, 30/30 text)
paperId: physics-y12-trial-ascham-2013-w-sol  subject: physics
  50 pages @ 110dpi -> papers/_work/physics-y12-trial-ascham-2013-w-sol  (born-digital, 50/50 text)
paperId: physics-y12-trial-ascham-2014-w-sol  subject: physics
  31 pages @ 110dpi -> papers/_work/physics-y12-trial-ascham-2014-w-sol  (born-digital, 22/31 text)
paperId: physics-y12-trial-ascham-2015  subject: physics
  38 pages @ 110dpi -> papers/_work/physics-y12-trial-ascham-2015  (born-digital, 38/38 text)
paperId: physics-y12-trial-ascham-2016-w-sol  subject: physics
  39 pages @ 110dpi -> papers/_work/physics-y12-trial-ascham-2016-w-sol  (born-digital, 39/39 text)
paperId: physics-y12-trial-ascham-2024  subject: physics
  51 pages @ 110dpi -> papers/_work/physics-y12-trial-ascham-2024  (born-digital, 51/51 text)
paperId: physics-y12-trial-barker-2001  subject: physics
  19 pages @ 110dpi -> papers/_work/physics-y12-trial-barker-2001  (born-digital, 19/19 text)
paperId: physics-y12-trial-barker-2003  subject: physics
  12 pages @ 110dpi -> papers/_work/physics-y12-trial-barker-2003  (SCANNED, 0/12 text)
paperId: physics-y12-trial-barker-2020-w-sol  subject: physics
  59 pages @ 110dpi -> papers/_work/physics-y12-trial-barker-2020-w-sol  (born-digital, 47/59 text)
ALL RENDERS DONE
